[    0.000000] Initializing cgroup subsys cpuset
[    0.000000] Initializing cgroup subsys cpu
[    0.000000] Initializing cgroup subsys cpuacct
[    0.000000] Linux version 4.4.0-157-generic (buildd@lgw01-amd64-037) (gcc version 5.4.0 20160609 (Ubuntu 5.4.0-6ubuntu1~16.04.10) ) #185Ubuntu SMP Tue Jul 23 09:17:01 UTC 2019 (Ubuntu 4.4.0-157.185-generic 4.4.181)
[    0.000000] Command line: BOOT_IMAGE=/boot/vmlinuz-4.4.0-157-generic root=LABEL=cloudimg-rootfs ro console=tty1 console=ttyS0
[    0.000000] KERNEL supported cpus:
[    0.000000]   Intel GenuineIntel
[    0.000000]   AMD AuthenticAMD
[    0.000000]   Centaur CentaurHauls
[    0.000000] x86/fpu: Legacy x87 FPU detected.
[    0.000000] e820: BIOS-provided physical RAM map:
[    0.000000] BIOS-e820: [mem 0x0000000000000000-0x000000000009fbff] usable
[    0.000000] BIOS-e820: [mem 0x000000000009fc00-0x000000000009ffff] reserved
[    0.000000] BIOS-e820: [mem 0x00000000000f0000-0x00000000000fffff] reserved
[    0.000000] BIOS-e820: [mem 0x0000000000100000-0x000000003ffeffff] usable
[    0.000000] BIOS-e820: [mem 0x000000003fff0000-0x000000003fffffff] ACPI data
[    0.000000] BIOS-e820: [mem 0x00000000fec00000-0x00000000fec00fff] reserved
[    0.000000] BIOS-e820: [mem 0x00000000fee00000-0x00000000fee00fff] reserved
[    0.000000]BIOS-e82: [mem 0x00000000fffc0000-0x00000000ffffffff] reserved
[    0.000000] NX (Execute Disable) protection: active
[    0.000000] SMBIOS 2.5 present.
[    0.000000] Hypervisor detected: KVM
[    0.000000] e820: last_pfn = 0x3fff0 max_arch_pfn = 0x400000000
[    0.000000] MTRR: Disabled
[    0.000000] x86/PAT: MTRRs disabled, skipping PAT initialization too.
[    0.000000] CPU MTRRs all blank - virtualized system.
[    0.000000] x86/PAT: Configuration [0-7]: WB  WT  UC- UC  WB  WT  UC- UC  
[    0.000000] found SMP MP-table at [mem 0x0009fff0-0x0009ffff] mapped at [ffff88000009fff0]
[    0.000000] Scanning 1 areas for low memory corruption
[    0.000000] RAMDISK: [mem 0x362fa000-0x37174fff]
[    0.000000] ACPI: Early table checksum verification disabled
[    0.000000] ACPI: RSDP 0x00000000000E0000 000024 (v02 VBOX  )
[    0.000000] ACPI: XSDT 0x000000003FFF0030 00003C (v01 VBOX   VBOXXSDT 00000001 ASL  00000061)
[    0.000000] ACPI: FACP 0x000000003FFF00F0 0000F4 (v04 VBOX   VBOXFACP 00000001 ASL  00000061)
[    0.000000] ACPI: DSDT 0x000000003FFF0470 0021FF (v02 VBOX   VBOXBIOS 00000002 INTL 20180105)
[    0.000000] ACPI: FACS 0x000000003FFF0200 000040
[    0.000000] ACPI: FACS 0x000000003FFF0200 000040
[    0.000000] ACPI: APIC 0x000000003FFF0240 00005C (v02 VBOX   VBOXAPIC 00000001 ASL  00000061)
[    0.000000] ACPI: SSDT 0x000000003FFF02A0 0001CC (v01 VBOX   VBOXCPUT 00000002 INTL 20180105)
[    0.000000] No NUMA configuration found
[    0.000000] Faking a node at [mem 0x00000000000000000x000003ffefff
[    0.000000] NODE_DATA(0) allocated [mem 0x3ffeb000-0x3ffeffff]
[    0.000000] kvm-lock: Using msrs 4b564d01 andb5640
[  0.000000] kvm-clock: cpu 0, msr 0:3ffe3001, primary cpu clock
[    0.000000] kvm-clock: using sched offset of 5359644804 cycles
[    0.000000] clocksource: kvm-clock: mask: 0xffffffffffffffff max_cycles: 0x1cd42e4dffb, max_idle_ns: 881590591483 ns
[    0.000000] Zone ranges:
[  0.00000   DMA      [mem 0x0000000000001000-0x0000000000ffffff]
[    0.000000]   DMA32    [mem 0x0000000001000000-0x000000003ffeffff]
[    0.000000]   Normal   empty
[    0.000000]   Device   empty
[    0.000000] Movable zone start for each node
[    0.000000] Early memory node ranges
[    0.000000]   node   0: [mem 0x0000000000001000-0x000000000009efff]
[    0.000000]   node   0: [mem 0x0000000000100000-0x000000003ffeffff]
[    0.000000] Initmem setup node 0 [mem 0x0000000000001000-0x000000003fefff]
[    0.000000] ACPI: PM-Timer IO Port: 0x4008
[    0.000000] IOAPIC[0]: apic_id 2, version 32, address 0xfec00000, GSI 0-23
[    0.000000] ACPI: INT_SRC_OVR (bus 0 bus_irq 0 global_irq 2 dfl dfl)
[    0.000000] ACPI: INT_SRC_OVR (bus 0 bus_irq 9 global_irq 9 low level)
[   0.000000] Uing ACPI MADT) for SMP configuration information
[    0.000000] smpboot: Allowing 2 CPUs, 0 hotplug CPUs
[    0.000000] PM: Registered nosave memory: [mem 0x00000000-0x00000fff]
[    0.000000] PM: Registered nosave memory: [mem 0x0009f000-0x0009ffff]
[    0.000000] PM: Registered nosave memory: [mem 0x000a0000-0x000effff]
[    0.000000] PM: Registered nosave memory: [m 0x000000-0x000fffff]
[    0.000000] e820: [mem 0x40000000-0xfebfffff] available for CIdevices
[    0.000000] Booting paravirtualized kernel on KVM
[    0.000000] clocksource: refined-jiffies: mask: 0xffffffff max_cycles: 0xffffffff, max_idle_ns: 7645519600211568 ns
[    0.000000] setup_percpu: NR_CPUS:512 nr_cpumask_bits:512 nr_cpu_ids:2 nr_node_ids:1
[    0.000000] PERCPU: Embedded 34 pages/cpu @ffff88003fc00000 s99544 r8192 d31528 u1048576
[    0.000000] Bilt 1 zonelists in Node order, mobility grouping on.  Total pages: 257912
[    0.000000]olicy zone: DMA32
[    0.000000] Kernel command line: BOOT_IMAGE=/boot/vmlinuz-4.4.0-157-generic root=LABEL=cloudimg-rootfs ro console=tty1 console=ttyS0
[    0.000000] PID hash table nties: 496order: 3, 32768 bytes)
   0.000000] Memory: 997732K/1048120K available (8618K kernel code, 1335K rwdata, 4032K rodata, 1484K init, 1284K bss, 50388K reserved, 0K cma-reserved)
[    0.000000] SLUB: HWalign=64, Order=0-3, MinObjects=0, CPUs=2, Nodes=1
[    0.000000] Kernel/User page tables isolion: enable
[    0.000000] Hierarchical RCU implementation.
[    .00000 	ui-tim adjustment of leaf fanout to 64.
[    0.000000] 	RCU restricting CPUs from NR_CPUS=512 to nr_cpu_ids=2.
[    0.000000] RCU: Adjusting gemetry for rcu_fanout_leaf=64, nr_cpu_ids=2
[    0.000000] NR_IRQS:33024 nr_irqs:440 16
[    0.000000] Console: colour VGA+ 80x25
[    0.000000] console [tty1] enabled
[    0.000000] console [ttyS0] enabled
[    0.000000] tsc: Detected 2992.480 MHz processor
[  2.284703] Calibrating delay loop (skipped) preset value.. 5984.96 BogoMIPS (lpj=11969920)
[    2.348642] pid_max: default: 32768 minimum: 301
[    2.416090] ACPI: Core revision 20150930
[    2.438974] ACPI: 2 ACPI AML tables successfully acquired and loaded
[    2.441117] Security Framework initialized
[    2.454838] Yama: becoming mindful.
[    2.456234] AppArmor: AppArmor initialized
[    2.457826] Dentry cache hash table entries: 131072 (order: 8, 1048576 bytes)
[    2.467842] Inode-cache hash table entries: 65536 (order: 7, 524288 bytes)
[    2.511333] Mount-cache hash table entries: 2048 (order: 2, 16384 bytes)
[    2.513358] Mountpoint-cache hash table entries: 2048 (order: 2, 16384 bytes)
[    2.522244] Initializing cgroup subsys io
[    2.523672] Initializing cgroup subsys memory
[    2.525158] Initializing cgroup subsys devices
[    2.526664] Initializing cgroup subsys freezer
[    2.555254] Initializing cgroup subsys net_cls
[    2.573255] Initializing cgroup subsys perf_event
[    2.574841] Initializing cgroup subsys net_prio
[    2.581894] Initializing cgroup subsys hugetlb
[    2.609728] Initializing cgroup subsys pids
[    2.621099] mce: CPU supports 0 MCE banks
[    2.628138] Last level iTLB entries: 4KB 128, 2MB 4, 4MB 4
[    2.646980] Last level dTLB entries: 4KB 256, 2MB 0, 4MB 32, 1GB 0
[    2.654223] Spectre V2 : Mitigation: Full generic retpoline
[    2.661321] Spectre V2 : Spectre v2 / SpectreRSB mitigation: Filling RSB on context switch
[    2.665304] Speculative Store Bypass: Vulnerable
[    2.675757] MDS: Vulnerable: Clear CPU buffers attempted, no microcode
[    2.695600] Freeing SMP alternatives memory: 36K
[    2.723727] ftrace: allocating 32312 entries in 127 pages
[    2.836974] smpboot: APIC(0) Converting physical 0 to logical package 0
[    2.848813] smpboot: Max logical packages: 1
[    2.897659] x2apic enabled
[    2.899384] Switched APIC routing to physical x2apic.
[    2.919188] ..TIMER: vector=0x30 apic1=0 pin1=2 apic2=-1 pin2=-1
[    3.050589] smpboot: CPU0: Intel(R) Core(TM)2 Duo CPU     E8400  @ 3.00GHz (family: 0x6, model: 0x17, stepping: 0xa)
[    3.178974] Performance Events: unsupported p6 CPU model 23 no PMU driver, software events only.
[    3.308179] KVM setup paravirtual spinlock
[    3.316910] x86: Booting SMP configuration:
[    3.338291] .... node  #0, CPUs:      #1
[    3.343764] kvm-clock: cpu 1, msr 0:3ffe3041, secondary cpu clock
[    3.356347] mce: CPU supports 0 MCE banks
[    3.361671] x86: Booted up 1 node, 2 CPUs
[    3.364670] smpboot: Total of 2 processors activated (11969.92 BogoMIPS)
[    3.367317] devtmpfs: initialized
[    3.371045] evm: security.selinux
[    3.372423] evm: security.SMACK64
[    3.373684] evm: security.SMACK64EXEC
[    3.375011] evm: security.SMACK64TRANSMUTE
[    3.376582] evm: security.SMACK64MMAP
[    3.383786] evm: security.ima
[    3.385365] evm: security.capability
[    3.404666] clocksource: jiffies: mask: 0xffffffff max_cycles: 0xffffffff, max_idle_ns: 7645041785100000 ns
[    3.407832] futex hash table entries: 512 (order: 3, 32768 bytes)
[    3.422919] pinctrl core: initialized pinctrl subsystem
[    3.430199] RTC time: 15:42:28, date: 08/23/19
[    3.443405] NET: Registered protocol family 16
[    3.506992] cpuidle: using governor ladder
[    3.534501] cpuidle: using governor menu
[    3.548822] PCCT header not found.
[    3.551720] ACPI: bus type PCI registered
[    3.570837] acpiphp: ACPI Hot Plug PCI Controller Driver version: 0.5
[    3.581464] PCI: Using configuration type 1 for base access
[    3.600411] ACPI: Added _OSI(Module Device)
[    3.607260] ACPI: Added _OSI(Processor Device)
[    3.608748] ACPI: Added _OSI(3.0 _SCP Extensions)
[    3.615629] ACPI: Added _OSI(Processor Aggregator Device)
[    3.618428] ACPI: Executed 1 blocks of module-level executable AML code
[    3.645389] ACPI: Interpreter enabled
[    3.663373] ACPI: (supports S0 S5)
[    3.664674] ACPI: Using IOAPIC for interrupt routing
[    3.699646] PCI: Using host bridge windows from ACPI; if necessary, use "pci=nocrs" and report a bug
[    3.728985] ACPI: PCI Root Bridge [PCI0] (domain 0000 [bus 00-ff])
[    3.748440] acpi PNP0A03:00: _OSC: OS supports [ASPM ClockPM Segments MSI]
[    3.780176] acpi PNP0A03:00: _OSC: not requesting OS control; OS requires [ExtendedConfig ASPM ClockPM MSI]
[    3.814551] acpi PNP0A03:00: fail to add MMCONFIG information, can't access extended PCI configuration space under this bridge.
[    3.842771] PCI host bridge to bus 0000:00
[    3.844288] pci_bus 0000:00: root bus resource [io  0x0000-0x0cf7 window]
[    3.852101] pci_bus 0000:00: root bus resource [io  0x0d00-0xffff window]
[    3.862418] pci_bus 0000:00: root bus resource [mem 0x000a0000-0x000bffff window]
[    3.873441] pci_bus 0000:00: root bus resource [mem 0x40000000-0xfdffffff window]
[    3.876212] pci_bus 0000:00: root bus resource [bus 00-ff]
[    3.922697] pci 0000:00:01.1: legacy IDE quirk: reg 0x10: [io  0x01f0-0x01f7]
[    3.931642] pci 0000:00:01.1: legacy IDE quirk: reg 0x14: [io  0x03f6]
[    3.933795] pci 0000:00:01.1: legacy IDE quirk: reg 0x18: [io  0x0170-0x0177]
[    3.963784] pci 0000:00:01.1: legacy IDE quirk: reg 0x1c: [io  0x0376]
[    4.030694] pci 0000:00:07.0: quirk: [io  0x4000-0x403f] claimed by PIIX4 ACPI
[    4.042487] pci 0000:00:07.0: quirk: [io  0x4100-0x410f] claimed by PIIX4 SMB
[    4.081857] ACPI: PCI Interrupt Link [LNKA] (IRQs 5 9 10 *11)
[    4.090260] ACPI: PCI Interrupt Link [LNKB] (IRQs 5 9 *10 11)
[    4.098311] ACPI: PCI Interrupt Link [LNKC] (IRQs 5 *9 10 11)
[    4.122074] ACPI: PCI Interrupt Link [LNKD] (IRQs 5 9 10 *11)
[    4.125624] ACPI: Enabled 2 GPEs in block 00 to 07
[    4.175974] vgaarb: setting as boot device: PCI:0000:00:02.0
[    4.186758] vgaarb: device added: PCI:0000:00:02.0,decodes=io+mem,owns=io+mem,locks=none
[    4.190701] vgaarb: loaded
[    4.192486] vgaarb: bridge control possible 0000:00:02.0
[    4.205358] SCSI subsystem initialized
[    4.208402] ACPI: bus type USB registered
[    4.217264] usbcore: registered new interface driver usbfs
[    4.257431] usbcore: registered new interface driver hub
[    4.276918] usbcore: registered new device driver usb
[    4.293723] PCI: Using ACPI for IRQ routing
[    4.302529] NetLabel: Initializing
[    4.303919] NetLabel:  domain hash size = 128
[    4.305409] NetLabel:  protocols = UNLABELED CIPSOv4
[    4.312248] NetLabel:  unlabeled traffic allowed by default
[    4.320007] amd_nb: Cannot enumerate AMD northbridges
[    4.327114] clocksource: Switched to clocksource kvm-clock
[  4.577]ApArmor ApAor Filesystem Enabled
[    4.729610] pnp: PnP ACPI init
[   .794] p:Pn API fnd3 evces
[    5.232402] clocksource: acpi_pm: mask: 0xffffff max_cycles: 0xffffff, max_idle_ns: 2085701024 ns
[    5.248231] NET: Registered protocol family 2
[    5.263498] TCP established hash table entries: 8192 (order: 4, 65536 bytes)
[    5.267323] TCP bind hash table entries: 8192 (order: 5, 131072 bytes)
[    5.272945] TCP: Hash tables configured (established 8192 bind 8192)
[    5.277195] UDP hash table entries: 512 (order: 2, 16384 bytes)
[    5.280474] UDP-Lite hash table entries: 512 (order: 2, 16384 bytes)
[    5.286347] NET: Registered protocol family 1
[    5.288798] pci 0000:00:00.0: Limiting direct PCI/PCI transfers
[    5.291621] pci 0000:00:01.0: Activating ISA DMA hang workarounds
[    5.296393] Unpacking initramfs...
[  5.639553] Freeing initrd memory: 14828K
[    5.712575] clocksource: tsc: mask: 0xffffffffffffffff max_cycles: 0x2b2285792ea, max_idle_ns: 440795280120 ns
[   .75918] platform rtc_cmos: registered platform RTC device (no PNP device found)
[   5.808389] Scanning for low memory corruption every 60 secoons
[    5.901361] audit: initializing netlink subsys (disabled)
[    5.915607] audit: type=2000 audit(1566574954.850:1): initialized
[    5.922670] Initialise system trusted keyring
[    5.924819] HugeTLB registered 2 MB page size, pre-allocated 0 pages
[    5.982497] zbud: loaded
[    5.989937] VFS: Disk quotas dquot_6.6.0
[    5.991468] VFS: Dquot-cache hash table entries: 512 (order 0, 4096 bytes)
[    6.090737] squashfs: version 4.0 (2009/01/31) Phillip Lougher
[    6.093205] fuse init (API version 7.23)
[    6.132819] Key type big_key registered
[    6.169819] Allocating IMA MOK and blacklist keyrings.
[    6.173321] Key type asymmetric registered
[    6.174824] Asymmetric key parser 'x509' registered
[    6.269397] Block layer SCSI generic (bsg) driver version 0.4 loaded (major 249)
[    6.337384] io scheduler noop registered
[    6.338855] io scheduler deadline registered (default)
[    6.340715] io scheduler cfq registered
[    6.342551] pci_hotplug: PCI Hot Plug PCI Core version: 0.5
[    6.565727] pciehp: PCI Express Hot Plug Controller Driver version: 0.4
[    6.606302] ACPI: AC Adapter [AC] (on-line)
[    6.609544] input: Power Button as /devices/LNXSYSTM:00/LNXPWRBN:00/input/input0
[    6.650146] ACPI: Power Button [PWRF]
[    6.652837] input: Sleep Button as /devices/LNXSYSTM:00/LNXSLPBN:00/input/input1
[    6.655893] ACPI: Sleep Button [SLPF]
[    6.657641] GHES: HEST is not enabled!
[    6.666170] Serial: 8250/16550 driver, 32 ports, IRQ sharing enabled
[    6.830659] 00:02: ttyS0 at I/O 0x3f8 (irq = 4, base_baud = 115200) is a 16550A
[    7.019668] Linux agpgart interface v0.103
[    7.218071] loop: module loaded
[    7.410253] scsi host0: ata_piix
[    7.599368] scsi host1: ata_piix
[    7.606890] ata1: PATA max UDMA/33 cmd 0x1f0 ctl 0x3f6 bmdma 0xd000 irq 14
[    7.763589] ata2: PATA max UDMA/33 cmd 0x170 ctl 0x376 bmdma 0xd008 irq 15
[    7.783253] libphy: Fixed MDIO Bus: probed
[    7.790942] tun: Universal TUN/TAP device driver, 1.6
[    7.805429] tun: (C) 1999-2004 Max Krasnyansky <maxk@qualcomm.com>
[    7.816502] PPP generic driver version 2.4.2
[    7.834911] ehci_hcd: USB 2.0 'Enhanced' Host Controller (EHCI) Driver
[    8.359808] ehci-pci: EHCI PCI platform driver
[    8.679623] ehci-platform: EHCI generic platform driver
[    8.681379] ohci_hcd: USB 1.1 'Open' Host Controller (OHCI) Driver
[    8.937766] ohci-pci: OHCI PCI platform driver
[    8.966030] ohci-platform: OHCI generic platform driver
[    9.045291] uhci_hcd: USB Universal Host Controller Interface driver
[    9.052476] i8042: PNP: PS/2 Controller [PNP0303:PS2K,PNP0f03:PS2M] at 0x60,0x64 irq 1,12
[    9.060477] serio: i8042 KBD port at 0x60,0x64 irq 1
[    9.070031] serio: i8042 AUX port at 0x60,0x64 irq 12
[    9.072045] mousedev: PS/2 mouse device common for all mice
[    9.074462] rtc_cmos rtc_cmos: rtc core: registered rtc_cmos as rtc0
[    9.080813] rtc_cmos rtc_cmos: alarms up to one day, 114 bytes nvram
[    9.149840] i2c /dev entries driver
[    9.360086] input: AT Translated Set 2 keyboard as /devices/platform/i8042/serio0/input/input2
[    9.861370] device-mapper: uevent: version 1.0.3
[    9.863249] device-mapper: ioctl: 4.34.0-ioctl (2015-10-28) initialised: dm-devel@redhat.com
[    9.881612] ledtrig-cpu: registered to indicate activity on CPUs
[   10.109051] NET: Registered protocol family 10
[   10.131962] NET: Registered protocol family 17
[   10.134179] Key type dns_resolver registered
[   10.137318] registered taskstats version 1
[   10.143782] Loading compiled-in X.509 certificates
[   10.147345] Loaded X.509 cert 'Build time autogenerated kernel key: 3e01e6df98386236d59670e6b2ed19a044d5324e'
[   10.152033] zswap: loaded using pool lzo/zbud
[   10.170701] Key type trusted registered
[   10.228183] Key type encrypted registered
[   10.241580] AppArmor: AppArmor sha1 policy hashing enabled
[   10.261984] ima: No TPM chip found, activating TPM-bypass!
[   10.263880] ima: Allocated hash algorithm: sha1
[   10.265839] evm: HMAC attrs: 0x1
[   10.285113]   Magic number: 15:17:741
[   10.297620] workqueue writeback: hash matches
[   10.314560] rtc_cmos rtc_cmos: setting system clock to 2019-08-23 15:42:35 UTC (1566574955)
[   10.323114] BIOS EDD facility v0.16 2004-Jun-25, 0 devices found
[   10.330546] EDD information not available.
[   10.349467] Freeing unused kernel memory: 1484K
[   10.387186] Write protecting the kernel read-only data: 14336k
[   10.786840] Freeing unused kernel memory: 1612K
[   10.791843] Freeing unused kernel memory: 64K
Loading, please wait...
starting version 229
[   11.056880] random: systemd-udevd: uninitialized urandom read (16 bytes read, 4 bits of entropy available)
[   11.067073] random: udevadm: uninitialized urandom read (16 bytes read, 4 bits of entropy available)
[   11.067252] random: udevadm: uninitialized urandom read (16 bytes read, 4 bits of entropy available)
[   11.150913] random: systemd-udevd: uninitialized urandom read (16 bytes read, 4 bits of entropy available)
[   11.156305] random: systemd-udevd: uninitialized urandom read (16 bytes read, 4 bits of entropy available)
[   11.167689] random: systemd-udevd: uninitialized urandom read (16 bytes read, 4 bits of entropy available)
[   11.186626] random: systemd-udevd: uninitialized urandom read (16 bytes read, 4 bits of entropy available)
[   11.199826] random: systemd-udevd: uninitialized urandom read (16 bytes read, 4 bits of entropy available)
[   11.202836] random: udevadm: uninitialized urandom read (16 bytes read, 4 bits of entropy available)
[   11.203251] random: udevadm: uninitialized urandom read (16 bytes read, 4 bits of entropy available)
[   11.736171] e1000: Intel(R) PRO/1000 Network Driver - version 7.3.21-k8-NAPI
[   11.753156] e1000: Copyright (c) 1999-2006 Intel Corporation.
[   11.766038] Fusion MPT base driver 3.04.20
[   11.768956] Copyright (c) 1999-2008 LSI Corporation
[   11.870501] Fusion MPT SPI Host driver 3.04.20
[   12.005749] input: ImExPS/2 Generic Explorer Mouse as /devices/platform/i8042/serio1/input/input4
[   12.507881] e1000 0000:00:03.0 eth0: (PCI:33MHz:32-bit) 02:46:62:72:a1:53
[   12.516243] e1000 0000:00:03.0 eth0: Intel(R) PRO/1000 Network Connection
[   12.551801] mptbase: ioc0: Initiating bringup
[   12.576889] e1000 0000:00:03.0 enp0s3: renamed from eth0
[   12.636005] ioc0: LSI53C1030 A0: Capabilities={Initiator}
[   14.208908] scsi host2: ioc0: LSI53C1030 A0, FwRev=00000000h, Ports=1, MaxQ=256, IRQ=20
[   14.696387] scsi 2:0:0:0: Direct-Access     VBOX     HARDDISK         1.0  PQ: 0 ANSI: 5
[   14.757798] scsi target2:0:0: Beginning Domain Validation
[   15.198662] scsi target2:0:0: Domain Validation skipping write tests
[   15.200972] scsi target2:0:0: Ending Domain Validation
[   15.202675] scsi target2:0:0: asynchronous
[   15.208697] scsi 2:0:1:0: Direct-Access     VBOX     HARDDISK         1.0  PQ: 0 ANSI: 5
[   15.212585] scsi target2:0:1: Beginning Domain Validation
[   15.216435] scsi target2:0:1: Domain Validation skipping write tests
[   15.218337] scsi target2:0:1: Ending Domain Validation
[   15.373118] scsi target2:0:1: asynchronous
[   15.652650] sd 2:0:0:0: [sda] 20971520 512-byte logical blocks: (10.7 GB/10.0 GiB)
[   15.691277] sd 2:0:0:0: Attached scsi generic sg0 type 0
[   15.700292] sd 2:0:0:0: [sda] Write Protect is off
[   15.709278] sd 2:0:1:0: Attached scsi generic sg1 type 0
[   15.763299] sd 2:0:1:0: [sdb] 20480 512-byte logical blocks: (10.5 MB/10.0 MiB)
[   15.767009] sd 2:0:0:0: [sda] Incomplete mode parameter data
[   15.767010] sd 2:0:0:0: [sda] Assuming drive cache: write through
[   15.932442] sd 2:0:1:0: [sdb] Write Protect is off
[   15.942243]  sda: sda1
[   15.948119] sd 2:0:0:0: [sda] Attached SCSI disk
[   16.037923] sd 2:0:1:0: [sdb] Incomplete mode parameter data
[   16.089395] sd 2:0:1:0: [sdb] Assuming drive cache: write through
[   16.134601] sd 2:0:1:0: [sdb] Attached SCSI disk
Begin: Loading e[   18.767582] md: linear personality registered for level -1
ssential drivers ... [   18.813345] md: multipath personality registered for level -4
[   18.883891] md: raid0 personality registered for level 0
[   18.934755] md: raid1 personality registered for level 1
[   19.037768] raid6: sse2x1   gen()  4018 MB/s
[   19.328348] raid6: sse2x1   xor()  4849 MB/s
[   19.415657] raid6: sse2x2   gen()  4640 MB/s
[   19.538608] raid6: sse2x2   xor()  2850 MB/s
[   19.688425] raid6: sse2x4   gen()  7745 MB/s
[   19.761064] raid6: sse2x4   xor()  5673 MB/s
[   19.763351] raid6: using algorithm sse2x4 gen() 7745 MB/s
[   19.765876] raid6: .... xor() 5673 MB/s, rmw enabled
[   19.769771] raid6: using ssse3x2 recovery algorithm
[   20.062689] xor: measuring software checksum speed
[   20.107154]    prefetch64-sse: 11805.000 MB/sec
[   20.155193]    generic_sse: 10161.000 MB/sec
[   20.162547] xor: using function: prefetch64-sse (11805.000 MB/sec)
[   20.184582] async_tx: api initialized (async)
[   20.254207] md: raid6 personality registered for level 6
[   20.257042] md: raid5 personality registered for level 5
[   20.259582] md: raid4 personality registered for level 4
[   20.354843] md: raid10 personality registered for level 10
done.
Begin: Running /scripts/init-premount ... done.
Begin: Mounting root file system ... Begin: Running /scripts/local-top ... done.
Begin: Running /scripts/local-premount ... [   20.606926] Btrfs loaded
Scanning for Btrfs filesystems
done.
Warning: fsck not present, so skipping root file system
[   20.992865] EXT4-fs (sda1): mounted filesystem with ordered data mode. Opts: (null)
done.
Begin: Running /scripts/local-bottom ... done.
Begin: Running /scripts/init-bottom ... done.
[   21.913223] random: nonblocking pool is initialized
[   21.951370] systemd[1]: systemd 229 running in system mode. (+PAM +AUDIT +SELINUX +IMA +APPARMOR +SMACK +SYSVINIT +UTMP +LIBCRYPTSETUP +GCRYPT +GNUTLS +ACL +XZ -LZ4 +SECCOMP +BLKID +ELFUTILS +KMOD -IDN)
[   22.371813] systemd[1]: Detected virtualization oracle.
[   22.440600] systemd[1]: Detected architecture x86-64.

Welcome to [1mUbuntu 16.04.6 LTS[0m!

[   22.485620] systemd[1]: Set hostname to <ubuntu>.
[   22.557402] systemd[1]: Initializing machine ID from random generator.
[   22.560556] systemd[1]: Installed transient /etc/machine-id file.
[   23.829197] systemd[1]: Listening on /dev/initctl Compatibility Named Pipe.
[[0;32m  OK  [0m] Listening on /dev/initctl Compatibility Named Pipe.
[   23.877179] systemd[1]: Listening on Device-mapper event daemon FIFOs.
[[0;32m  OK  [0m] Listening on Device-mapper event daemon FIFOs.
[   23.914796] systemd[1]: Listening on Journal Audit Socket.
[[0;32m  OK  [0m] Listening on Journal Audit Socket.
[   23.951992] systemd[1]: Listening on Journal Socket.
[[0;32m  OK  [0m] Listening on Journal Socket.
[   23.975851] systemd[1]: Reached target User and Group Name Lookups.
[[0;32m  OK  [0m] Reached target User and Group Name Lookups.
[   24.023806] systemd[1]: Reached target System Time Synchronized.
[[0;32m  OK  [0m] Reached target System Time Synchronized.
[   24.072396] systemd[1]: Set up automount Arbitrary Executable File Formats File System Automount Point.
[[0;32m  OK  [0m] Set up automount Arbitrary Executab...ats File System Automount Point.
[   24.162584] systemd[1]: Reached target Swap.
[[0;32m  OK  [0m] Reached target Swap.
[   24.203845] systemd[1]: Listening on udev Control Socket.
[[0;32m  OK  [0m] Listening on udev Control Socket.
[   24.235432] systemd[1]: Listening on Syslog Socket.
[[0;32m  OK  [0m] Listening on Syslog Socket.
[   24.284008] systemd[1]: Created slice System Slice.
[[0;32m  OK  [0m] Created slice System Slice.
[   24.359789] systemd[1]: Mounting POSIX Message Queue File System...
         Mounting POSIX Message Queue File System...
[   24.435047] systemd[1]: Starting Create list of required static device nodes for the current kernel...
         Starting Create list of required st... nodes for the current kernel...
[   24.490665] systemd[1]: Starting Uncomplicated firewall...
         Starting Uncomplicated firewall...
[   24.534245] systemd[1]: Created slice User and Session Slice.
[[0;32m  OK  [0m] Created slice User and Session Slice.
[  24548203] systemd[1]: Created slice system-serial\x2dgetty.slice.
[[0;32m  OK  [0m] Created slice system-serial\x2dgetty.slice.
[   24.684912] systemd[1]: Starting Load Kernel Modules...
         Starting Load Kernel Modules...
[   24.734033] systemd[1]: Reached target Slices.
[[0;32m  OK  [0m] Reached target Slices.
[   24.759739] systemd[1]: Mounting Debug File System...
         Mounting Debug F[   24.796194] Loading iSCSI transport class v2.0-870.
ile System...
[   24.878610] systemd[1]: Starting Nameserver information manager...
[   24.879209] iscsi: registered transport (tcp)
         Starting Nameserver information manager...
[   24.907192] systemd[1]: Mounting Huge Pages File System...
         Mounting Huge Pages File System...
[   24.978295] systemd[1]: Listening on LVM2 poll daemon socket.
[[0;32m  OK  [0m] Listening on LVM2 poll daemon socket.
[   25.025505] systemd[1]: Listening on Journal Socket (/dev/log).
[[0;32m  OK  [0m] Listening on Journal Socket (/dev/log).
[   25.046698] systemd[1]: Started Forward Password Requests to Wall Directory Watch.
[[0;32m  OK  [0m] Started Forward Password Requests to Wall Directory Watch.
[   25.069489] iscsi: registered transport (iser)
[   25.130385] systemd[1]: Starting Remount Root and Kernel File Systems...
         Starting Remount Root and Kernel File Systems...
[   25.148810] systemd[1]: Started Trigger resolvconf update for networkd DNS.
[[0;32m  OK  [0m] Started Trigger resolvconf update for networkd DNS.
[   25.175368] systemd[1]: Reached target Encrypted Volumes.
[[0;32m  OK  [0m] Reached target Encrypted Volu[   25.201211] EXT4-fs (sda1): re-mounted. Opts: (null)
mes.
[   25.308026] systemd[1]: Listening on LVM2 metadata daemon socket.
[[0;32m  OK  [0m] Listening on LVM2 metadata daemon socket.
[   25.367830] systemd[1]: Starting Monitoring of LVM2 mirrors, snapshots etc. using dmeventd or progress polling...
         Starting Monitoring of LVM2 mirrors... dmeventd or progress polling...
[   25.429306] systemd[1]: Starting Journal Service...
         Starting Journal Service...
[   25.452075] systemd[1]: Listening on udev Kernel Socket.
[[0;32m  OK  [0m] Listening on udev Kernel Socket.
[   25.462405] systemd[1]: Starting Set console keymap...
         Starting Set console keymap...
[   25.487939] systemd[1]: Mounted Debug File System.
[[0;32m  OK  [0m] Mounted Debug File System.
[   25.504381] systemd[1]: Mounted POSIX Message Queue File System.
[[0;32m  OK  [0m] Mounted POSIX Message Queue File System.
[   25.524487] systemd[1]: Mounted Huge Pages File System.
[[0;32m  OK  [0m] Mounted Huge Pages File System.
[   25.538406] systemd[1]: Started Create list of required static device nodes for the current kernel.
[[0;32m  OK  [0m] Started Create list of required sta...ce nodes for the current kernel.
[   25.567173] systemd[1]: Started Uncomplicated firewall.
[[0;32m  OK  [0m] Started Uncomplicated firewall.
[   25.576252] systemd[1]: Started Load Kernel Modules.
[[0;32m  OK  [0m] Started Load Kernel Modules.
[   25.619705] systemd[1]: Started Remount Root and Kernel File Systems.
[[0;32m  OK  [0m] Started Remount Root and Kernel File Systems.
[   25.732100] systemd[1]: Started Nameserver information manager.
[[0;32m  OK  [0m] Started Nameserver information manager.
[   26.036149] systemd[1]: Started LVM2 metadata daemon.
[[0;32m  OK  [0m] Started LVM2 metadata daemon.
[   26.156424] systemd[1]: Starting Load/Save Random Seed...
         Starting Load/Save Random Seed...
[   26.296332] systemd[1]: Starting udev Coldplug all Devices...
         Starting udev Coldplug all Devices...
[   26.457327] systemd[1]: Starting Apply Kernel Variables...
         Starting Apply Kernel Variables...
[   26.678795] systemd[1]: Mounting FUSE Control File System...
         Mounting FUSE Control File System...
[   26.713096] systemd[1]: Starting Create Static Device Nodes in /dev...
         Starting Create Static Device Nodes in /dev...
[   26.724450] systemd[1]: Started Journal Service.
[[0;32m  OK  [0m] Started Journal Service.
[[0;32m  OK  [0m] Started Monitoring of LVM2 mirrors,...ng dmeventd or progress polling.
[[0;32m  OK  [0m] Started Set console keymap.
[[0;32m  OK  [0m] Started Load/Save Random Seed.
[[0;32m  OK  [0m] Started Apply Kernel Variables.
[[0;32m  OK  [0m] Mounted FUSE Control File System.
[[0;32m  OK  [0m] Started Create Static Device Nodes in /dev.
         Starting udev Kernel Device Manager...
[[0;32m  OK  [0m] Reached target Local File Systems (Pre).
[[0;32m  OK  [0m] Reached target Local File Systems.
         Starting LSB: AppArmor initialization...
         Starting Set console font and keymap...
         Starting Initial cloud-init job (pre-networking)...
         Starting Commit a transient machine-id on disk...
         Starting Tell Plymouth To Write Out Runtime Data...
         Starting Flush Journal to Persistent Storage...
[[0;32m  OK  [0m] Started udev Coldplug all Devices.
[[0;32m  OK  [0m] Started Commit a transient machine-id on disk.
[[0;32m  OK  [0m] Started Tell Plymouth To Write Out Runtime Data.
[[0;32m  OK  [0m] Started Flush Journal to Persistent Storage.
         Starting Create Volatile Files and Directories...
[[0;32m  OK  [0m] Started Create Volatile Files and Directories.
[[0;32m  OK  [0m] Started udev Kernel Device Manager.
[[0;32m  OK  [0m] Started Dispatch Password Requests to Console Directory Watch.
         Starting Update UTMP about System Boot/Shutdown...
[[0;32m  OK  [0m] Started Update UTMP about System Boot/Shutdown.
[[0;32m  OK  [0m] Found device /dev/ttyS0.
[[0;32m  OK  [0m] Listening on Load/Save RF Kill Switch Status /dev/rfkill Watch.
[[0;32m  OK  [0m] Started LSB: AppArmor initialization.
[   34.335748] cloud-init[462]: Cloud-init v. 19.1-1-gbaa47854-0ubuntu1~16.04.1 running 'init-local' at Fri, 23 Aug 2019 15:43:00 +0000. Up 31.69 seconds.
[[0;32m  OK  [0m] Started Initial cloud-init job (pre-networking).
[[0;32m  OK  [0m] Reached target Network (Pre).
         Starting Raise network interfaces...
[[0;32m  OK  [0m] Started Set console font and keymap.
[[0;32m  OK  [0m] Created slice system-getty.slice.
[[0;32m  OK  [0m] Started Raise network interfaces.
[[0;32m  OK  [0m] Reached target Network.
         Starting Initial cloud-init job (metadata service crawler)...
[   45.479303] cloud-init[951]: Cloud-init v. 19.1-1-gbaa47854-0ubuntu1~16.04.1 running 'init' at Fri, 23 Aug 2019 15:43:08 +0000. Up 40.05 seconds.
[   45.491288] cloud-init[951]: ci-info: ++++++++++++++++++++++++++++++++++++++Net device info++++++++++++++++++++++++++++++++++++++
[   45.535311] cloud-init[951]: ci-info: +--------+------+----------------------------+---------------+--------+-------------------+
[   45.592259] cloud-init[951]: ci-info: | Device |  Up  |          Address           |      Mask     | Scope  |     Hw-Address    |
[   45.606217] cloud-init[951]: ci-info: +--------+------+----------------------------+---------------+--------+-------------------+
[   45.623067] cloud-init[951]: ci-info: | enp0s3 | True |         10.0.2.15          | 255.255.255.0 | global | 02:46:62:72:a1:53 |
[   45.641945] cloud-init[951]: ci-info: | enp0s3 | True | fe80::46:62ff:fe72:a153/64 |       .       |  link  | 02:46:62:72:a1:53 |
[   45.701119] cloud-init[951]: ci-info: |   lo   | True |         127.0.0.1          |   255.0.0.0   |  host  |         .         |
[   45.827048] cloud-init[951]: ci-info: |   lo   | True |          ::1/128           |       .       |  host  |         .         |
[   45.882528] cloud-init[951]: ci-info: +--------+------+----------------------------+---------------+--------+-------------------+
[[0;32m  OK  [0m] [   45.930788] cloud-init[951]: ci-info: +++++++++++++++++++++++++++Route IPv4 info++++++++++++++++++++++++++++
[   45.931528] cloud-init[951]: ci-info: +-------+-------------+----------+---------------+-----------+-------+
[   45.932109] cloud-init[951]: ci-info: | Route | Destination | Gateway  |    Genmask    | Interface | Flags |
[   45.932753] cloud-init[951]: ci-info: +-------+-------------+----------+---------------+-----------+-------+
[   45.933322] cloud-init[951]: ci-info: |   0   |   0.0.0.0   | 10.0.2.2 |    0.0.0.0    |   enp0s3  |   UG  |
[   45.933890] cloud-init[951]: ci-info: |   1   |   10.0.2.0  | 0.0.0.0  | 255.255.255.0 |   enp0s3  |   U   |
[   45.944133] cloud-init[951]: ci-info: +-------+-------------+----------+---------------+-----------+-------+
[   45.945320] cloud-init[951]: ci-info: +++++++++++++++++++Route IPv6 info+++++++++++++++++++
[   45.958257] cloud-init[951]: ci-info: +-------+-------------+---------+-----------+-------+
[   45.958817] cloud-init[951]: ci-info: | Route | Destination | Gateway | Interface | Flags |
[   45.959434] cloud-init[951]: ci-info: +-------+-------------+---------+-----------+-------+
[   45.960188] cloud-init[951]: ci-info: |   0   |  fe80::/64  |    ::   |   enp0s3  |   U   |
Started Initial cloud-init job (metadata service crawler).
[   45.962524] cloud-init[951]: ci-info: |   4   |   ff00::/8  |    ::   |   enp0s3  |   U   |
[   46.340922] cloud-init[951]: ci-info: +-------+-------------+---------+-----------+-------+
[   46.412764] cloud-init[951]: Generating public/private rsa key pair.
[[0;32m  OK  [0m] Reached target Network is Online.
[   46.479968] cloud-init[951]: Your identification has been saved in /etc/ssh/ssh_host_rsa_key.
[   46.589931] cloud-init[951]: Your public key has been saved in /etc/ssh/ssh_host_rsa_key.pub.
[   46.590540] cloud-init[951]: The key fingerprint is:
[   46.595904] cloud-init[951]: SHA256:uCOyVBHqSnHScnKgPJIly3y2iOc08Bb4mfC51qOsBwc root@ubuntu-xenial
[   46.598433] cloud-init[951]: The key's randomart image is:
[   46.598815] cloud-init[951]: +---[RSA 2048]----+
[   46.599045] cloud-init[951]: |... .            |
[   46.599291] cloud-init[951]: |=*o. .           |
[   46.599530] cloud-init[951]: |OXoB.            |
[   46.618893] cloud-init[951]: |EB&=.. .         |
[   46.627154] cloud-init[951]: |.+&.. . S        |
[   46.632680] cloud-init[951]: |o*.=   .         |
[   46.632934] cloud-init[951]: |.o* + o          |
[   46.633166] cloud-init[951]: | +.+ o .         |
[   46.633395] cloud-init[951]: |.o+              |
[   46.633700] cloud-init[951]: +----[SHA256]-----+
[   46.633936] cloud-init[951]: Generating public/private dsa key pair.
[   46.634166] cloud-init[951]: Your identification has been saved in /etc/ssh/ssh_host_dsa_key.
[   46.634407] cloud-init[951]: Your public key has been saved in /etc/ssh/ssh_host_dsa_key.pub.
[   46.634637] cloud-init[951]: The key fingerprint is:
[   46.634864] cloud-init[951]: SHA256:v+loS7O31V/urXMkfDCcJiQfQg+HvvNhLUYmEEW0/M0 root@ubuntu-xenial
[   46.635108] cloud-init[951]: The key's randomart image is:
[   46.635524] cloud-init[951]: +---[DSA 1024]----+
[   46.635792] cloud-init[951]: |        .**..    |
[   46.636086] cloud-init[951]: |        ..+=o    |
[   46.636316] cloud-init[951]: |         oo=.o . |
[   46.636554] cloud-init[951]: |          o.=o*  |
[   46.636783] cloud-init[951]: |        S  =.=Eo |
[   46.637010] cloud-init[951]: |         .o =.+ o|
[   46.637329] cloud-init[951]: |        o .=.o.+.|
[   46.644458] cloud-init[951]: |       ..+.+. .o+|
[   46.644716] cloud-init[951]: |       .++=.  .==|
[   46.644950] cloud-init[951]: +----[SHA256]-----+
[   46.645173] cloud-init[951]: Generating public/private ecdsa key pair.
[   46.645411] cloud-init[951]: Your identification has been saved in /etc/ssh/ssh_host_ecdsa_key.
[   46.645638] cloud-init[951]: Your public key has been saved in /etc/ssh/ssh_host_ecdsa_key.pub.
[   46.645868] cloud-init[951]: The key fingerprint is:
[   46.646102] cloud-init[951]: SHA256:q5z2J+pv1Cxz3UZ2ZKo71ikGLrDi+QXYF+08tD9tCb0 root@ubuntu-xenial
[   46.646344] cloud-init[951]: The key's randomart image is:
[   46.646784] cloud-init[951]: +---[ECDSA 256]---+
[   46.647062] cloud-init[951]: |                 |
[   46.647293] cloud-init[951]: |         .      o|
[   46.648002] cloud-init[951]: |        . o    + |
[   46.648295] cloud-init[951]: |     o   = . .+ .|
[   46.648585] cloud-init[951]: |    . o So=..=.. |
[   46.648871] cloud-init[951]: |      .o+.=ooooo |
[   46.649567] cloud-init[951]: |       +o= .o+E. |
[   46.656020] cloud-init[951]: |    .oo++ o *oo  |
[   46.656299] cloud-init[951]: |   .o=B=o+ o o   |
[   46.656591] cloud-init[951]: +----[SHA256]-----+
[   46.656918] cloud-init[951]: Generating public/private ed25519 key pair.
[   46.657761] cloud-init[951]: Your identification has been saved in /etc/ssh/ssh_host_ed25519_key.
[   46.660026] cloud-init[951]: Your public key has been saved in /etc/ssh/ssh_host_ed25519_key.pub.
[   46.666486] cloud-init[951]: The key fingerprint is:
[   46.667003] cloud-init[951]: SHA256:lVn22A3RI8bywAgJHVcso4J3ktLw2MW5SXwVR/Tn5kU root@ubuntu-xenial
[   46.685322] cloud-init[951]: The key's randomart image is:
[   46.685612] cloud-init[951]: +--[ED25519 256]--+
[   46.685897] cloud-init[951]: |     .=o=.*+B+oo |
[   46.686201] cloud-init[951]: |   .   O.= X.B.+.|
[   46.686487] cloud-init[951]: |    B + = * * +.E|
[   46.686825] cloud-init[951]: |   + O = .   . o.|
[   46.687122] cloud-init[951]: |    o + S       +|
[   46.687773] cloud-init[951]: |               o.|
[   46.700670] cloud-init[951]: |                .|
[   46.701045] cloud-init[951]: |                 |
[   46.708057] cloud-init[951]: |                 |
[   46.714540] cloud-init[951]: +----[SHA256]-----+
         Starting iSCSI initiator daemon (iscsid)...
[[0;32m  OK  [0m] Reached target System Initialization.
[[0;32m  OK  [0m] Started ACPI Events Check.
[[0;32m  OK  [0m] Reached target Paths.
         Starting Socket activation for snappy daemon.
[[0;32m  OK  [0m] Started Daily apt download activities.
[[0;32m  OK  [0m] Started Daily apt upgrade and clean activities.
[[0;32m  OK  [0m] Started Daily Cleanup of Temporary Directories.
[[0;32m  OK  [0m] Listening on UUID daemon activation socket.
         Starting LXD - unix socket.
[[0;32m  OK  [0m] Listening on ACPID Listen Socket.
[[0;32m  OK  [0m] Reached target Timers.
[[0;32m  OK  [0m] Listening on D-Bus System Message Bus Socket.
[[0;32m  OK  [0m] Reached target Cloud-config availability.
[[0;32m  OK  [0m] Listening on Socket activation for snappy daemon.
[[0;32m  OK  [0m] Listening on LXD - unix socket.
[[0;32m  OK  [0m] Started iSCSI initiator daemon (iscsid).
         Starting Login to default iSCSI targets...
[[0;32m  OK  [0m] Reached target Sockets.
[[0;32m  OK  [0m] Reached target Basic System.
         Starting LXD - container startup/shutdown...
         Starting System Logging Service...
[[0;32m  OK  [0m] Started FUSE filesystem for LXC.
         Starting LSB: MD monitoring daemon...
[[0;32m  OK  [0m] Started Deferred execution scheduler.
         Starting LSB: Record successful boot for GRUB...
         Starting /etc/rc.local Compatibility...
         Starting Snappy daemon...
[[0;32m  OK  [0m] Started D-Bus System Message Bus.
         Starting Accounts Service...
[[0;32m  OK  [0m] Started Regular background program processing daemon.
         Starting Pollinate to seed the pseudo random number generator...
[[0;32m  OK  [0m] Started ACPI event daemon.
         Starting Login Service...
         Starting Virtualbox guest utils...
[[0;32m  OK  [0m] Started System Logging Service.
[[0;32m  OK  [0m] Started /etc/rc.local Compatibility.
[[0;32m  OK  [0m] Started LXD - container startup/shutdown.
[[0;32m  OK  [0m] Started Login to default iSCSI targets.
[[0;32m  OK  [0m] Started Login Service.
[[0;32m  OK  [0m] Started Unattended Upgrades Shutdown.
         Starting Authenticate and Authorize Users to Run Privileged Tasks...
[[0;32m  OK  [0m] Reached target Remote File Systems (Pre).
[[0;32m  OK  [0m] Reached target Remote File Systems.
         Starting Permit User Sessions...
         Starting LSB: automatic crash report generation...
         Starting LSB: Set the CPU Frequency Scaling governor to "ondemand"...
         Starting LSB: daemon to balance interrupts for SMP systems...
[[0;32m  OK  [0m] Started LSB: MD monitoring daemon.
[[0;32m  OK  [0m] Started LSB: Record successful boot for GRUB.
[[0;32m  OK  [0m] Started Permit User Sessions.
[[0;32m  OK  [0m] Started Authenticate and Authorize Users to Run Privileged Tasks.
[[0;32m  OK  [0m] Started Accounts Service.
         Starting Hold until boot process finishes up...
         Starting Terminate Plymouth Boot Screen...
[[0;32m  OK  [0m] Started Terminate Plymouth Boot Screen.
[[0;32m  OK  [0m] Started Hold until boot process finishes up.
[[0;32m  OK  [0m] Started LSB: Set the CPU Frequency Scaling governor to "ondemand".
[[0;32m  OK  [0m] Started Getty on tty1.
         Starting Set console scheme...
[[0;32m  OK  [0m] Started Serial Getty on ttyS0.
[[0;32m  OK  [0m] Reached target Login Prompts.
[[0;32m  OK  [0m] Started Set console scheme.
[[0;32m  OK  [0m] Started LSB: daemon to balance interrupts for SMP systems.
[[0;32m  OK  [0m] Started Snappy daemon.
         Starting Wait until snapd is fully seeded...
[[0;32m  OK  [0m] Started LSB: automatic crash report generation.
[[0;32m  OK  [0m] Started Virtualbox guest utils.
[[0;32m  OK  [0m] Started Pollinate to seed the pseudo random number generator.
         Starting OpenBSD Secure Shell server...
[[0;32m  OK  [0m] Started OpenBSD Secure Shell server.
[[0;32m  OK  [0m] Created slice User Slice of vagrant.
[[0;32m  OK  [0m] Started Session 1 of user vagrant.
         Starting User Manager for UID 1000...
[[0;32m  OK  [0m] Started User Manager for UID 1000.

Ubuntu 16.04.6 LTS ubuntu-xenial ttyS0

ubuntu-xenial login: [   63.177782] cloud-init[1397]: Generating locales (this might take a while)...
[   68.026267] cloud-init[1397]:   en_US.UTF-8... done
[   68.031344] cloud-init[1397]: Generation complete.
[   70.786415] cloud-init[1397]: Cloud-init v. 19.1-1-gbaa47854-0ubuntu1~16.04.1 running 'modules:config' at Fri, 23 Aug 2019 15:43:31 +0000. Up 62.21 seconds.
ci-info: no authorized ssh keys fingerprints found for user ubuntu.
<14>Aug 23 15:43:42 ec2: 
<14>Aug 23 15:43:42 ec2: #############################################################
<14>Aug 23 15:43:42 ec2: -----BEGIN SSH HOST KEY FINGERPRINTS-----
<14>Aug 23 15:43:42 ec2: 1024 SHA256:v+loS7O31V/urXMkfDCcJiQfQg+HvvNhLUYmEEW0/M0 root@ubuntu-xenial (DSA)
<14>Aug 23 15:43:42 ec2: 256 SHA256:q5z2J+pv1Cxz3UZ2ZKo71ikGLrDi+QXYF+08tD9tCb0 root@ubuntu-xenial (ECDSA)
<14>Aug 23 15:43:42 ec2: 256 SHA256:lVn22A3RI8bywAgJHVcso4J3ktLw2MW5SXwVR/Tn5kU root@ubuntu-xenial (ED25519)
<14>Aug 23 15:43:42 ec2: 2048 SHA256:uCOyVBHqSnHScnKgPJIly3y2iOc08Bb4mfC51qOsBwc root@ubuntu-xenial (RSA)
<14>Aug 23 15:43:42 ec2: -----END SSH HOST KEY FINGERPRINTS-----
<14>Aug 23 15:43:42 ec2: #############################################################
-----BEGIN SSH HOST KEY KEYS-----
ecdsa-sha2-nistp256 AAAAE2VjZHNhLXNoYTItbmlzdHAyNTYAAAAIbmlzdHAyNTYAAABBBNWKmzUzf2Fi+47xolDw57nBTzttfREr98oh4/RULU5nOLSE3VoSRB7isHBeZX3XbFhMVwa3X1ZnmuZ2m2h2FAU= root@ubuntu-xenial
ssh-ed25519 AAAAC3NzaC1lZDI1NTE5AAAAIMZvpcMtnsrD8zDItcWJpdNTyhMTYvOIxakp3hkCE/1T root@ubuntu-xenial
ssh-rsa AAAAB3NzaC1yc2EAAAADAQABAAABAQC1+OVF9VTRWJSVHj1BSFlH+tNQoShAoBfgrQ9g6WLpQ4R9jcx8P33FCQ0xl0KzY2OzdN7xxD1ql3vz2CYVrRXpGv394MwaexR6oT6yftPPEwZGBR9bKg+IulUmlekSgBSTDFKq/sfAN36HKaumvGgbLgo0+tUEIV9feOfEeI+EH3y72D0q0BRUPx9/HdPHP8ajiZc0VSpdkakC0Mt9JcqU8VLsTqLjtpIQ5AxweaxoiSrGgh6BhxvjVIq6rmdlw3XEkZB4N9N/7VKLKa80KP15dHovNRmxStzOooHfY02FnkHrlBVP/SWz2JtDSH5+2LDoCH14b2pG4qyTcnYjR2W1 root@ubuntu-xenial
-----END SSH HOST KEY KEYS-----
[   73.581737] cloud-init[1564]: Cloud-init v. 19.1-1-gbaa47854-0ubuntu1~16.04.1 running 'modules:final' at Fri, 23 Aug 2019 15:43:41 +0000. Up 72.74 seconds.
[   73.602448] cloud-init[1564]: ci-info: no authorized ssh keys fingerprints found for user ubuntu.
[   73.610748] cloud-init[1564]: Cloud-init v. 19.1-1-gbaa47854-0ubuntu1~16.04.1 finished at Fri, 23 Aug 2019 15:43:42 +0000. Datasource DataSourceNoCloud [seed=/dev/sdb][dsmode=net].  Up 73.52 seconds
