[    0.000000] Initializing cgroup subsys cpuset
[    0.000000] Initializing cgroup subsys cpu
[    0.000000] Initializing cgroup subsys cpuacct
[    0.000000] Linux version 4.4.0-157-generic (buildd@lgw01-amd64-037) (gcc version 5.4.0 20160609 (Ubuntu 5.4.0-6ubuntu1~16.04.10) ) #185-Ubuntu SMP Tue Jul 23 09:17:01 UTC 2019 (Ubuntu 4.4.0-157.185-generic 4.4.181)
[    0.000000] Command line: BOOT_IMAGE=/boot/vmlinuz-4.4.0-157-generic root=LABEL=cloudimg-rootfs ro console=tty1 console=ttyS0
[    0.000000] KERNEL supported cpus:
[    0.000000]   Intel GenuineIntel
[    0.000000]   AMD AuthenticAMD
[    0.000000]   Centaur CentaurHauls
[    0.000000] x86/fpu: Legacy x87 FPU detected.
[    0.000000] e820: BIOS-provided physical RAM map:
[    0.000000] BIOS-e820: [mem 0x0000000000000000-0x000000000009fbff] usable
[    0.000000] BIOS-e820: [mem 0x000000000009fc00-0x000000000009ffff] reserved
[    0.000000] BIOS-e820: [mem 0x00000000000f0000-0x00000000000fffff] reserved
[    0.000000] BIOS-e820: [mem 0x0000000000100000-0x000000002cfeffff] usable
[    0.000000] BIOS-e820: [mem 0x000000002cff0000-0x000000002cffffff] ACPI data
[    0.000000] BIOS-e820: [mem 0x00000000fec00000-0x00000000fec00fff] reserved
[    0.000000] BIOS-e820: [mem 0x00000000fee00000-0x00000000fee00fff] reserved
[    0.000000] BIOS-e820: [mem 0x00000000fffc0000-0x00000000ffffffff] reserved
[    0.000000] NX (Execute Disable) protection: active
[    0.000000] SMBIOS 2.5 present.
[    0.000000] Hypervisor detected: KVM
[    0.000000] e820: last_pfn = 0x2cff0 max_arch_pfn = 0x400000000
[    0.000000] MTRR: Disabled
[    0.000000] x86/PAT: MTRRs disabled, skipping PAT initialization too.
[    0.000000] CPU MTRRs all blank - virtualized system.
[    0.000000] x86/PAT: Configuration [0-7]: WB  WT  UC- UC  WB  WT  UC- UC  
[    0.000000] found SMP MP-table at [mem 0x0009fff0-0x0009ffff] mapped at [ffff88000009fff0]
[    0.000000] Scanning 1 areas for low memory corruption
[    0.000000] RAMDISK: [mem 0x2b895000-0x2c70ffff]
[    0.000000] ACPI: Early table checksum verification disabled
[    0.000000] ACPI: RSDP 0x00000000000E0000 000024 (v02 VBOX  )
[    0.000000] ACPI: XSDT 0x000000002CFF0030 00003C (v01 VBOX   VBOXXSDT 00000001 ASL  00000061)
[    0.000000] ACPI: FACP 0x000000002CFF00F0 0000F4 (v04 VBOX   VBOXFACP 00000001 ASL  00000061)
[    0.000000] ACPI: DSDT 0x000000002CFF0470 0021FF (v02 VBOX   VBOXBIOS 00000002 INTL 20180105)
[    0.000000] ACPI: FACS 0x000000002CFF0200 000040
[    0.000000] ACPI: FACS 0x000000002CFF0200 000040
[    0.000000] ACPI: APIC 0x000000002CFF0240 000054 (v02 VBOX   VBOXAPIC 00000001 ASL  00000061)
[    0.000000] ACPI: SSDT 0x000000002CFF02A0 0001CC (v01 VBOX   VBOXCPUT 00000002 INTL 20180105)
[    0.000000] No NUMA configuration found
[    0.000000] Faking a node at [mem 0x0000000000000000-0x000000002cfeffff]
[    0.000000] NODE_DATA(0) allocated [mem 0x2cfeb000-0x2cfeffff]
[    0.000000] kvm-clock: Using msrs 4b564d01 and 4b564d00
[    0.000000] kvm-clock: cpu 0, msr 0:2cfe3001, primary cpu clock
[    0.000000] kvm-clock: using sched offset of 7629478278 cycles
[    0.000000] clocksource: kvm-clock: mask: 0xffffffffffffffff max_cycles: 0x1cd42e4dffb, max_idle_ns: 881590591483 ns
[    0.000000] Zone ranges:
[    0.000000]   DMA      [mem 0x0000000000001000-0x0000000000ffffff]
[    0.000000]   DMA32    [mem 0x0000000001000000-0x000000002cfeffff]
[    0.000000]   Normal   empty
[    0.000000]   Device   empty
[    0.000000] Moaable zone start for each node
[    0.000000] Early memory node ranges
[    0.000000]   node   0: [mem 0x0000000000001000-0x000000000009efff]
[    0.000000]   node   0: [mem 0x0000000000100000-0x000000002cfeffff]
[    0.000000] Initmem setup node 0 [mem 0x0000000000001000-0x000000002cfeffff]
[    0.000000] ACPI: PM-Timer IO Port: 0x4008
[    0.000000] IOAPIC[0]: apic_id 1, version 32, address 0xfec00000, GSI 0-23
[    0.000000] ACPI: INT_SRC_OVR (bus 0 bus_irq 0 global_irq 2 dfl dfl)
[    0.000000] ACPI: INT_SRC_OVR (bus 0 bus_irq 9 global_irq 9 low level)
[    0.000000] Using ACPI (MADT) for SMP configuration information
[    0.000000] smpboot: Allowing 1 CPUs, 0 hotplug CPUs
[    0.000000] PM: Registered nosave memory: [mem 0x00000000-0x00000fff]
[    0.000000] PM: Registered nosave memory: [mem 0x0009f000-0x0009ffff]
[    0.000000] PM: Registered nosave memory: [mem 0x000a0000-0x000effff]
[    0.000000] PM: Registered nosave memory: [mem 0x000f0000-0x000fffff]
[    0.000000] e820: [mem 0x2d000000-0xfebfffff] available for PCI devices
[    0.000000] Booting paravirtualized kernel on KVM
[    0.000000] clocksource: refined-jiffies: mask: 0xffffffff max_cycles: 0xffffffff, max_idle_ns: 7645519600211568 ns
[    0.000000] setup_percpu: NR_CPUS:512 nr_cpumask_bits:512 nr_cpu_ids:1 nr_node_ids:1
[    0.000000] PERCPU: Embedded 34 pages/cpu @ffff88002cc00000 s99544 r8192 d31528 u2097152
[    0.000000] Built 1 zonelists in Node order, mobility grouping on.  Total pages: 181304
[    0.000000] Policy zone: DMA32
[    0.000000] Kernel command line: BOOT_IMAGE=/boot/vmlinuz-4.4.0-157-generic root=LABEL=cloudimg-rootfs ro console=tty1 console=ttyS0
[    0.000000] PID hash table entries: 4096 (order: 3, 32768 bytes)
[    0.000000] Memory: 690668K/736824K available (8618K kernel code, 1335K rwdata, 4032K rodata, 1484K init, 1284K bss, 46156K reserved, 0K cma-reserved)
[    0.000000] SLUB: HWalign=64, Order=0-3, MinObjects=0, CPUs=1, Nodes=1
[    0.000000] Kernel/User page tables isolation: enabled
[    0.000000] Hierarchical RCU implementation.
[    0.000000] 	Build-time adjustment of leaf fanout to 64.
[    0.000000] 	RCU restricting CPUs from NR_CPUS=512 to nr_cpu_ids=1.
[    0.000000] RCU: Adjusting geometry for rcu_fanout_leaf=64, nr_cpu_ids=1
[    0.000000] NR_IRQS:33024 nr_irqs:256 16
[    0.000000] Console: colour VGA+ 80x25
[    0.000000] console [tty1] enabled
[    0.000000] console [ttyS0] enabled
[    0.000000] tsc: Detected 2992.480 MHz processor
[    1.554266] Calibrating delay loop (skipped) preset value.. 5984.96 BogoMIPS (lpj=11969920)
[    1.571217] pid_max: default: 32768 minimum: 301
[    1.632157] ACPI: Core revision 20150930
[    1.634872] ACPI: 2 ACPI AML tables successfully acquired and loaded
[    1.637163] Security Framework initialized
[    1.641588] Yama: becoming mindful.
[    1.643227] AppArmor: AppArmor initialized
[    1.645299] Dentry cache hash table entries: 131072 (order: 8, 1048576 bytes)
[    1.665281] Inode-cache hash table entries: 65536 (order: 7, 524288 bytes)
[    1.667814] Mount-cache hash table entries: 2048 (order: 2, 16384 bytes)
[    1.680699] Mountpoint-cache hash table entries: 2048 (order: 2, 16384 bytes)
[    1.684358] Initializing cgroup subsys io
[    1.685825] Initializing cgroup subsys memory
[    1.736740] Initializing cgroup subsys devices
[    1.742937] Initializing cgroup subsys freezer
[    1.748518] Initializing cgroup subsys net_cls
[    1.752285] Initializing cgroup subsys perf_event
[    1.762478] Initializing cgroup subsys net_prio
[    1.766163] Initializing cgroup subsys hugetlb
[    1.768623] Initializing cgroup subsys pids
[    1.776408] mce: CPU supports 0 MCE banks
[    1.781614] process: using mwait in idle threads
[    1.785386] Last level iTLB entries: 4KB 128, 2MB 4, 4MB 4
[    1.794867] Last level dTLB entries: 4KB 256, 2MB 0, 4MB 32, 1GB 0
[    1.820031] Spectre V2 : Mitigation: Full generic retpoline
[    1.835106] Spectre V2 : Spectre v2 / SpectreRSB mitigation: Filling RSB on context switch
[    1.844562] Speculative Store Bypass: Vulnerable
[    1.853844] MDS: Vulnerable: Clear CPU buffers attempted, no microcode
[    2.597742] Freeing SMP alternatives memory: 36K
[    2.687053] ftrace: allocating 32312 entries in 127 pages
[    3.061642] smpboot: APIC(0) Converting physical 0 to logical package 0
[    3.068342] smpboot: Max logical packages: 1
[    3.072017] x2apic enabled
[    3.074244] Switched APIC routing to physical x2apic.
[    3.079349] ..TIMER: vector=0x30 apic1=0 pin1=2 apic2=-1 pin2=-1
[    3.088155] APIC calibration not consistent with PM-Timer: 200ms instead of 100ms
[    3.110074] APIC delta adjusted to PM-Timer: 6249944 (12500605)
[    3.197598] smpboot: CPU0: Intel(R) Core(TM)2 Duo CPU     E8400  @ 3.00GHz (family: 0x6, model: 0x17, stepping: 0xa)
[    3.299771] Performance Events: unsupported p6 CPU model 23 no PMU driver, software events only.
[    3.445430] KVM setup paravirtual spinlock
[    3.510181] x86: Booted up 1 node, 1 CPUs
[    3.512136] smpboot: Total of 1 processors activated (5984.96 BogoMIPS)
[    3.514695] devtmpfs: initialized
[    3.518817] evm: security.selinux
[    3.528402] evm: security.SMACK64
[    3.642885] evm: security.SMACK64EXEC
[    3.644264] evm: security.SMACK64TRANSMUTE
[    3.719338] evm: security.SMACK64MMAP
[    3.721567] evm: security.ima
[    3.726042] evm: security.capability
[    3.828802] clocksource: jiffies: mask: 0xffffffff max_cycles: 0xffffffff, max_idle_ns: 7645041785100000 ns
[    3.960162] futex hash table entries: 256 (order: 2, 16384 bytes)
[    3.962268] pinctrl core: initialized pinctrl subsystem
[    3.964185] RTC time: 16:28:25, date: 08/23/19
[    4.137066] NET: Registered protocol family 16
[    4.167351] cpuidle: using governor ladder
[    4.235527] cpuidle: using governor menu
[    4.245329] PCCT header not found.
[    4.249430] ACPI: bus type PCI registered
[    4.250877] acpiphp: ACPI Hot Plug PCI Controller Driver version: 0.5
[    4.253043] PCI: Using configuration type 1 for base access
[    4.271375] ACPI: Added _OSI(Module Device)
[    4.272954] ACPI: Added _OSI(Processor Device)
[    4.274632] ACPI: Added _OSI(3.0 _SCP Extensions)
[    4.276252] ACPI: Added _OSI(Processor Aggregator Device)
[    4.346654] ACPI: Executed 1 blocks of module-level executable AML code
[    4.351253] ACPI: Interpreter enabled
[    4.352631] ACPI: (supports S0 S5)
[    4.368873] ACPI: Using IOAPIC for interrupt routing
[    4.440632] PCI: Using host bridge windows from ACPI; if necessary, use "pci=nocrs" and report a bug
[    4.450698] ACPI: PCI Root Bridge [PCI0] (domain 0000 [bus 00-ff])
[    4.477544] acpi PNP0A03:00: _OSC: OS supports [ASPM ClockPM Segments MSI]
[    4.556842] acpi PNP0A03:00: _OSC: not requesting OS control; OS requires [ExtendedConfig ASPM ClockPM MSI]
[    4.560337] acpi PNP0A03:00: fail to add MMCONFIG information, can't access extended PCI configuration space under this bridge.
[    4.591197] PCI host bridge to bus 0000:00
[    4.653177] pci_bus 0000:00: root bus resource [io  0x0000-0x0cf7 window]
[    4.669540] pci_bus 0000:00: root bus resource [io  0x0d00-0xffff window]
[    4.765663] pci_bus 0000:00: root bus resource [mem 0x000a0000-0x000bffff window]
[    4.768567] pci_bus 0000:00: root bus resource [mem 0x2d000000-0xfdffffff window]
[    4.848951] pci_bus 0000:00: root bus resource [bus 00-ff]
[    4.854413] pci 0000:00:01.1: legacy IDE quirk: reg 0x10: [io  0x01f0-0x01f7]
[    4.857672] pci 0000:00:01.1: legacy IDE quirk: reg 0x14: [io  0x03f6]
[    4.861470] pci 0000:00:01.1: legacy IDE quirk: reg 0x18: [io  0x0170-0x0177]
[    4.864992] pci 0000:00:01.1: legacy IDE quirk: reg 0x1c: [io  0x0376]
[    4.953177] pci 0000:00:07.0: quirk: [io  0x4000-0x403f] claimed by PIIX4 ACPI
[    4.962716] pci 0000:00:07.0: quirk: [io  0x4100-0x410f] claimed by PIIX4 SMB
[    4.987773] ACPI: PCI Interrupt Link [LNKA] (IRQs 5 9 10 *11)
[    5.054785] ACPI: PCI Interrupt Link [LNKB] (IRQs 5 9 *10 11)
[    5.089979] ACPI: PCI Interrupt Link [LNKC] (IRQs 5 *9 10 11)
[    5.186193] ACPI: PCI Interrupt Link [LNKD] (IRQs 5 9 10 *11)
[    5.260791] ACPI: Enabled 2 GPEs in block 00 to 07
[    5.269904] vgaarb: setting as boot device: PCI:0000:00:02.0
[    5.303079] vgaarb: device added: PCI:0000:00:02.0,decodes=io+mem,owns=io+mem,locks=none
[    5.465683] vgaarb: loaded
[    5.475266] vgaarb: bridge control possible 0000:00:02.0
[    5.500948] SCSI subsystem initialized
[    5.502895] ACPI: bus type USB registered
[    5.575743] usbcore: registered new interface driver usbfs
[    5.586505] usbcore: registered new interface driver hub
[    5.599114] usbcore: registered new device driver usb
[    5.619751] PCI: Using ACPI for IRQ routing
[    5.686578] NetLabel: Initializing
[    5.687906] NetLabel:  domain hash size = 128
[    5.689405] NetLabel:  protocols = UNLABELED CIPSOv4
[    5.691121] NetLabel:  unlabeled traffic allowed by default
[    5.786643] amd_nb: Cannot enumerate AMD northbridges
[    5.790013] clocksource: Switched to clocksource kvm-clock
[    5.808415] AppArmor: AppArmor Filesystem Enabled
[    5.888544] pnp: PnP ACPI init
[    5.892907] pnp: PnP ACPI: found 3 devices
[    5.903481] clocksource: acpi_pm: mask: 0xffffff max_cycles: 0xffffff, max_idle_ns: 2085701024 ns
[    5.908236] NET: Registered protocol family 2
[    5.911023] TCP established hash table entries: 8192 (order: 4, 65536 bytes)
[    5.914536] TCP bind hash table entries: 8192 (order: 5, 131072 bytes)
[    5.982605] TCP: Hash tables configured (established 8192 bind 8192)
[    6.103827] UDP hash table entries: 512 (order: 2, 16384 bytes)
[    6.129125] UDP-Lite hash table entries: 512 (order: 2, 16384 bytes)
[    6.305777] NET: Registered protocol family 1
[    6.309833] pci 0000:00:00.0: Limiting direct PCI/PCI transfers
[    6.312416] pci 0000:00:01.0: Activating ISA DMA hang workarounds
[    6.314644] Unpacking initramfs...
[    6.826730] Freeing initrd memory: 14828K
[    6.849677] clocksource: tsc: mask: 0xffffffffffffffff max_cycles: 0x2b2285792ea, max_idle_ns: 440795280120 ns
[    6.940881] platform rtc_cmos: registered platform RTC device (no PNP device found)
[    6.951058] Scanning for low memory corruption every 60 seconds
[    7.008017] audit: initializing netlink subsys (disabled)
[    7.022000] audit: type=2000 audit(1566577712.742:1): initialized
[    7.024505] Initialise system trusted keyring
[    7.039955] HugeTLB registered 2 MB page size, pre-allocated 0 pages
[    7.129803] zbud: loaded
[    7.131405] VFS: Disk quotas dquot_6.6.0
[    7.150008] VFS: Dquot-cache hash table entries: 512 (order 0, 4096 bytes)
[    7.161030] squashfs: version 4.0 (2009/01/31) Phillip Lougher
[    7.223023] fuse init (API version 7.23)
[    7.252717] Key type big_key registered
[    7.322858] Allocating IMA MOK and blacklist keyrings.
[    7.325142] Key type asymmetric registered
[    7.423026] Asymmetric key parser 'x509' registered
[    7.424949] Block layer SCSI generic (bsg) driver version 0.4 loaded (major 249)
[    7.428561] io scheduler noop registered
[    7.449523] io scheduler deadline registered (default)
[    7.529799] io scheduler cfq registered
[    7.533673] pci_hotplug: PCI Hot Plug PCI Core version: 0.5
[    7.536469] pciehp: PCI Express Hot Plug Controller Driver version: 0.4
[    7.574815] ACPI: AC Adapter [AC] (on-line)
[    7.632793] input: Power Button as /devices/LNXSYSTM:00/LNXPWRBN:00/input/input0
[    7.635470] ACPI: Power Button [PWRF]
[    7.639464] input: Sleep Button as /devices/LNXSYSTM:00/LNXSLPBN:00/input/input1
[    7.642263] ACPI: Sleep Button [SLPF]
[    7.644205] GHES: HEST is not enabled!
[    7.655745] Serial: 8250/16550 driver, 32 ports, IRQ sharing enabled
[    7.731764] 00:02: ttyS0 at I/O 0x3f8 (irq = 4, base_baud = 115200) is a 16550A
[    7.773794] Linux agpgart interface v0.103
[    7.836769] loop: module loaded
[    7.840437] scsi host0: ata_piix
[    7.849572] scsi host1: ata_piix
[    7.850939] ata1: PATA max UDMA/33 cmd 0x1f0 ctl 0x3f6 bmdma 0xd000 irq 14
[    7.940815] ata2: PATA max UDMA/33 cmd 0x170 ctl 0x376 bmdma 0xd008 irq 15
[    7.944364] libphy: Fixed MDIO Bus: probed
[    7.989494] tun: Universal TUN/TAP device driver, 1.6
[    7.991248] tun: (C) 1999-2004 Max Krasnyansky <maxk@qualcomm.com>
[    8.076179] PPP generic driver version 2.4.2
[    8.166590] ehci_hcd: USB 2.0 'Enhanced' Host Controller (EHCI) Driver
[    8.168639] ehci-pci: EHCI PCI platform driver
[    8.176190] ehci-platform: EHCI generic platform driver
[    8.189946] ohci_hcd: USB 1.1 'Open' Host Controller (OHCI) Driver
[    8.256523] ohci-pci: OHCI PCI platform driver
[    8.290162] ohci-platform: OHCI generic platform driver
[    8.377255] uhci_hcd: USB Universal Host Controller Interface driver
[    8.390352] i8042: PNP: PS/2 Controller [PNP0303:PS2K,PNP0f03:PS2M] at 0x60,0x64 irq 1,12
[    8.401742] serio: i8042 KBD port at 0x60,0x64 irq 1
[    8.499245] serio: i8042 AUX port at 0x60,0x64 irq 12
[    8.506936] mousedev: PS/2 mouse device common for all mice
[    8.509238] input: AT Translated Set 2 keyboard as /devices/platform/i8042/serio0/input/input2
[    8.570482] rtc_cmos rtc_cmos: rtc core: registered rtc_cmos as rtc0
[    8.572526] rtc_cmos rtc_cmos: alarms up to one day, 114 bytes nvram
[    8.676872] i2c /dev entries driver
[    8.679124] device-mapper: uevent: version 1.0.3
[    8.681422] device-mapper: ioctl: 4.34.0-ioctl (2015-10-28) initialised: dm-devel@redhat.com
[    8.690932] ledtrig-cpu: registered to indicate activity on CPUs
[    8.696898] NET: Registered protocol family 10
[    8.699589] NET: Registered protocol family 17
[    8.701770] Key type dns_resolver registered
[    8.711419] registered taskstats version 1
[    8.714324] Loading compiled-in X.509 certificates
[    8.717863] Loaded X.509 cert 'Build time autogenerated kernel key: 3e01e6df98386236d59670e6b2ed19a044d5324e'
[    8.739340] zswap: loaded using pool lzo/zbud
[    8.785068] Key type trusted registered
[    8.874244] Key type encrypted registered
[    8.898139] AppArmor: AppArmor sha1 policy hashing enabled
[    8.998645] ima: No TPM chip found, activating TPM-bypass!
[    9.000417] ima: Allocated hash algorithm: sha1
[    9.002002] evm: HMAC attrs: 0x1
[    9.086407]   Magic number: 15:364:490
[    9.108591] rtc_cmos rtc_cmos: setting system clock to 2019-08-23 16:28:30 UTC (1566577710)
[    9.193218] BIOS EDD facility v0.16 2004-Jun-25, 0 devices found
[    9.195365] EDD information not available.
[    9.202226] Freeing unused kernel memory: 1484K
[    9.298270] Write protecting the kernel read-only data: 14336k
[    9.329084] Freeing unused kernel memory: 1612K
[    9.395058] Freeing unused kernel memory: 64K
Loading, please wait...
starting version 229
[    9.653481] random: systemd-udevd: uninitialized urandom read (16 bytes read, 5 bits of entropy available)
[    9.856800] random: udevadm: uninitialized urandom read (16 bytes read, 5 bits of entropy available)
[    9.869809] random: udevadm: uninitialized urandom read (16 bytes read, 5 bits of entropy available)
[    9.956286] random: udevadm: uninitialized urandom read (16 bytes read, 5 bits of entropy available)
[   10.037510] random: systemd-udevd: uninitialized urandom read (16 bytes read, 5 bits of entropy available)
[   10.228194] random: udevadm: uninitialized urandom read (16 bytes read, 5 bits of entropy available)
[   10.232013] random: udevadm: uninitialized urandom read (16 bytes read, 5 bits of entropy available)
[   10.236160] random: udevadm: uninitialized urandom read (16 bytes read, 5 bits of entropy available)
[   10.247540] random: udevadm: uninitialized urandom read (16 bytes read, 5 bits of entropy available)
[   10.251033] random: udevadm: uninitialized urandom read (16 bytes read, 5 bits of entropy available)
[   11.278558] Fusion MPT base driver 3.04.20
[   11.299583] Copyright (c) 1999-2008 LSI Corporation
[   11.477946] Fusion MPT SPI Host driver 3.04.20
[   11.495199] e1000: Intel(R) PRO/1000 Network Driver - version 7.3.21-k8-NAPI
[   11.507228] e1000: Copyright (c) 1999-2006 Intel Corporation.
[   11.511766] mptbase: ioc0: Initiating bringup
[   11.786176] input: ImExPS/2 Generic Explorer Mouse as /devices/platform/i8042/serio1/input/input4
[   11.988790] ioc0: LSI53C1030 A0: Capabilities={Initiator}
[   12.199953] scsi host2: ioc0: LSI53C1030 A0, FwRev=00000000h, Ports=1, MaxQ=256, IRQ=20
[   12.336621] scsi 2:0:0:0: Direct-Access     VBOX     HARDDISK         1.0  PQ: 0 ANSI: 5
[   12.342739] scsi target2:0:0: Beginning Domain Validation
[   12.346046] scsi target2:0:0: Domain Validation skipping write tests
[   12.360048] scsi target2:0:0: Ending Domain Validation
[   12.389345] scsi target2:0:0: asynchronous
[   12.412159] scsi 2:0:1:0: Direct-Access     VBOX     HARDDISK         1.0  PQ: 0 ANSI: 5
[   12.594077] scsi target2:0:1: Beginning Domain Validation
[   12.628677] scsi target2:0:1: Domain Validation skipping write tests
[   12.708127] scsi target2:0:1: Ending Domain Validation
[   12.797304] scsi target2:0:1: asynchronous
[   13.149579] sd 2:0:0:0: Attached scsi generic sg0 type 0
[   13.224712] sd 2:0:0:0: [sda] 20971520 512-byte logical blocks: (10.7 GB/10.0 GiB)
[   13.318398] sd 2:0:0:0: [sda] Write Protect is off
[   13.355922] sd 2:0:1:0: Attached scsi generic sg1 type 0
[   13.417911] sd 2:0:1:0: [sdb] 20480 512-byte logical blocks: (10.5 MB/10.0 MiB)
[   13.424554] sd 2:0:1:0: [sdb] Write Protect is off
[   13.435701] sd 2:0:0:0: [sda] Incomplete mode parameter data
[   13.438344] sd 2:0:0:0: [sda] Assuming drive cache: write through
[   13.444851] sd 2:0:1:0: [sdb] Incomplete mode parameter data
[   13.447811] sd 2:0:1:0: [sdb] Assuming drive cache: write through
[   13.625327]  sda: sda1
[   13.636443] sd 2:0:0:0: [sda] Attached SCSI disk
[   13.695552] sd 2:0:1:0: [sdb] Attached SCSI disk
[   13.738987] e1000 0000:00:03.0 eth0: (PCI:33MHz:32-bit) 02:46:62:72:a1:53
[   13.742152] e1000 0000:00:03.0 eth0: Intel(R) PRO/1000 Network Connection
[   13.772684] e1000 0000:00:03.0 enp0s3: renamed from eth0
Begin: Loading essential drivers ... [   17.348292] md: linear personality registered for level -1
[   17.451570] md: multipath personality registered for level -4
[   17.482754] md: raid0 personality registered for level 0
[   17.572716] md: raid1 personality registered for level 1
[   17.739376] raid6: sse2x1   gen()  2903 MB/s
[   17.842535] raid6: sse2x1   xor()  2316 MB/s
[   17.943737] raid6: sse2x2   gen()  3445 MB/s
[   18.048163] raid6: sse2x2   xor()  4154 MB/s
[   18.149600] raid6: sse2x4   gen()  5088 MB/s
[   18.254300] raid6: sse2x4   xor()  2846 MB/s
[   18.270827] raid6: using algorithm sse2x4 gen() 5088 MB/s
[   18.273822] raid6: .... xor() 2846 MB/s, rmw enabled
[   18.279709] raid6: using ssse3x2 recovery algorithm
[   18.355623] xor: measuring software checksum speed
[   18.408131]    prefetch64-sse: 16117.000 MB/sec
[   18.567383]    generic_sse: 23476.000 MB/sec
[   18.579602] xor: using function: generic_sse (23476.000 MB/sec)
[   18.599612] async_tx: api initialized (async)
[   18.881426] md: raid6 personality registered for level 6
[   18.885013] md: raid5 personality registered for level 5
[   18.887622] md: raid4 personality registered for level 4
[   19.026703] md: raid10 personality registered for level 10
done.
Begin: Running /scripts/init-premount ... done.
Begin: Mounting root file system ... Begin: Running /scripts/local-top ... done.
Begin: Running /scripts/local-premount ... [   19.519199] Btrfs loaded
Scanning for Btrfs filesystems
done.
Warning: fsck not present, so skipping root file system
[   19.964545] EXT4-fs (sda1): mounted filesystem with ordered data mode. Opts: (null)
done.
Begin: Running /scripts/local-bottom ... done.
Begin: Running /scripts/init-bottom ... done.
[   20.717045] random: nonblocking pool is initialized
[   20.998395] systemd[1]: systemd 229 running in system mode. (+PAM +AUDIT +SELINUX +IMA +APPARMOR +SMACK +SYSVINIT +UTMP +LIBCRYPTSETUP +GCRYPT +GNUTLS +ACL +XZ -LZ4 +SECCOMP +BLKID +ELFUTILS +KMOD -IDN)
[   21.020348] systemd[1]: Detected virtualization oracle.
[   21.023725] systemd[1]: Detected architecture x86-64.

Welcome to [1mUbuntu 16.04.6 LTS[0m!

[   21.124003] systemd[1]: Set hostname to <ubuntu>.
[   21.206103] systemd[1]: Initializing machine ID from random generator.
[   21.210277] systemd[1]: Installed transient /etc/machine-id file.
[   22.564456] systemd[1]: Listening on LVM2 poll daemon socket.
[[0;32m  OK  [0m] Listening on LVM2 poll daemon socket.
[   22.578341] systemd[1]: Listening on udev Kernel Socket.
[[0;32m  OK  [0m] Listening on udev Kernel Socket.
[   22.606837] systemd[1]: Listening on /dev/initctl Compatibility Named Pipe.
[[0;32m  OK  [0m] Listening on /dev/initctl Compatibility Named Pipe.
[   22.634766] systemd[1]: Started Forward Password Requests to Wall Directory Watch.
[[0;32m  OK  [0m] Started Forward Password Requests to Wall Directory Watch.
[   22.662800] systemd[1]: Listening on udev Control Socket.
[[0;32m  OK  [0m] Listening on udev Control Socket.
[   22.676350] systemd[1]: Created slice System Slice.
[[0;32m  OK  [0m] Created slice System Slice.
[   22.680227] systemd[1]: Listening on Journal Audit Socket.
[[0;32m  OK  [0m] Listening on Journal Audit Socket.
[   22.729999] systemd[1]: Set up automount Arbitrary Executable File Formats File System Automount Point.
[[0;32m  OK  [0m] Set up automount Arbitrary Executab...ats File System Automount Point.
[   22.791678] systemd[1]: Started Trigger resolvconf update for networkd DNS.
[[0;32m  OK  [0m] Started Trigger resolvconf update for networkd DNS.
[   22.833383] systemd[1]: Listening on Journal Socket.
[[0;32m  OK  [0m] Listening on Journal Socket.
[   22.892056] systemd[1]: Mounting Huge Pages File System...
         Mounting Huge Pages File System...
[   22.991310] systemd[1]: Mounting POSIX Message Queue File System...
         Mounting POSIX Message Queue File System...
[   23.111934] systemd[1]: Starting Remount Root and Kernel File Systems...
         Starting Remount Root and Kernel File Systems...
[   23.210771] systemd[1]: Starting Create list of required static device nodes for the current kernel...
[   23.331967] EXT4-fs (sda1): re-mounted. Opts: (null)
         Starting Create list of required st... nodes for the current kernel...
[   23.437207] systemd[1]: Starting Load Kernel Modules...
         Starting Load Kernel Modules...
[   23.468244] systemd[1]: Created slice User and Session Slice.
[[0;32m  OK  [0m] Created slice User and Session Slice.
[   23.511841] systemd[1]: Reached target Slices.
[[0;32m  OK  [0m] Reached target Slices.
[   23.537123] systemd[1]: Reached target Encrypted Volumes.
[[0;32m  OK  [0m] Reached target Encrypted Volumes.
[   23.555819] Loading iSCSI transport class v2.0-870.
[   23.561132] systemd[1]: Starting Nameserver information manager...
         Starting Nameserver information manager...
[   23.715880] systemd[1]: Listening on Syslog Socket.
[[0;32m  OK  [0[   23.742855] iscsi: registered transport (tcp)
m] Listening on Syslog Socket.
[   23.844823] systemd[1]: Listening on LVM2 metadata daemon socket.
[[0;32m  OK  [0m] Listening on LVM2 metadata daemon socket.
[   23.876182] systemd[1]: Created slice system-serial\x2dgetty.slice.
[[0;32m  OK  [0m] Created slice system-serial\x2dgetty.slice.
[   23.923802] systemd[1]: Reached target Swap.
[[0;32m  OK  [0m] Reached target Swap.
[   23.939935] systemd[1]: Reached target User and Group Name Lookups.
[[0;32m  OK  [0m] Reached target User and Group Name Lookups.
[   24.048455] systemd[1]: Reached target System Time Synchronized.
[[0;32m  OK  [0m] Reached target System Time Synchronized.
[   24.130590] systemd[1]: Listening on Journal Socket (/dev/log).
[[0;32m  OK  [0m] Listening on Jou[   24.231576] iscsi: registered transport (iser)
rnal Socket (/dev/log).
[   24.269808] systemd[1]: Starting Journal Service...
         Starting Journal Service...
[   24.343065] systemd[1]: Starting Uncomplicated firewall...
         Starting Uncomplicated firewall...
[   24.385939] systemd[1]: Listening on Device-mapper event daemon FIFOs.
[[0;32m  OK  [0m] Listening on Device-mapper event daemon FIFOs.
[   24.479492] systemd[1]: Starting Monitoring of LVM2 mirrors, snapshots etc. using dmeventd or progress polling...
         Starting Monitoring of LVM2 mirrors... dmeventd or progress polling...
[   24.723731] systemd[1]: Starting Set console keymap...
         Starting Set console keymap...
[   24.793828] systemd[1]: Mounting Debug File System...
         Mounting Debug File System...
[   24.974360] systemd[1]: Mounted POSIX Message Queue File System.
[[0;32m  OK  [0m] Mounted POSIX Message Queue File System.
[   25.588056] systemd[1]: Mounted Huge Pages File System.
[[0;32m  OK  [0m] Mounted Huge Pages File System.
[   25.680229] systemd[1]: Mounted Debug File System.
[[0;32m  OK  [0m] Mounted Debug File System.
[   25.780160] systemd[1]: Started Journal Service.
[[0;32m  OK  [0m] Started Journal Service.
[[0;32m  OK  [0m] Started Remount Root and Kernel File Systems.
[[0;32m  OK  [0m] Started Create list of required sta...ce nodes for the current kernel.
[[0;32m  OK  [0m] Started Load Kernel Modules.
[[0;32m  OK  [0m] Started Uncomplicated firewall.
[[0;32m  OK  [0m] Started Set console keymap.
[[0;32m  OK  [0m] Started Nameserver information manager.
[[0;32m  OK  [0m] Started LVM2 metadata daemon.
         Mounting FUSE Control File System...
         Starting Apply Kernel Variables...
         Starting Create Static Device Nodes in /dev...
         Starting Load/Save Random Seed...
         Starting udev Coldplug all Devices...
         Starting Flush Journal to Persistent Storage...
[[0;32m  OK  [0m] Mounted FUSE Control File System.
[[0;32m  OK  [0m] Started Apply Kernel Variables.
[[0;32m  OK  [0m] Started Load/Save Random Seed.
[[0;32m  OK  [0m] Started Create Static Device Nodes in /dev.
[[0;32m  OK  [0m] Started Flush Journal to Persistent Storage.
[[0;32m  OK  [0m] Started Monitoring of LVM2 mirrors,...ng dmeventd or progress polling.
         Starting udev Kernel Device Manager...
[[0;32m  OK  [0m] Reached target Local File Systems (Pre).
[[0;32m  OK  [0m] Reached target Local File Systems.
         Starting Initial cloud-init job (pre-networking)...
         Starting Set console font and keymap...
         Starting LSB: AppArmor initialization...
         Starting Tell Plymouth To Write Out Runtime Data...
         Starting Commit a transient machine-id on disk...
         Starting Create Volatile Files and Directories...
[[0;32m  OK  [0m] Started udev Coldplug all Devices.
[[0;32m  OK  [0m] Started Tell Plymouth To Write Out Runtime Data.
[[0;32m  OK  [0m] Started Commit a transient machine-id on disk.
[[0;32m  OK  [0m] Started Create Volatile Files and Directories.
         Starting Update UTMP about System Boot/Shutdown...
[[0;32m  OK  [0m] Started udev Kernel Device Manager.
[[0;32m  OK  [0m] Started Dispatch Password Requests to Console Directory Watch.
[[0;32m  OK  [0m] Started Update UTMP about System Boot/Shutdown.
[[0;32m  OK  [0m] Found device /dev/ttyS0.
[[0;32m  OK  [0m] Listening on Load/Save RF Kill Switch Status /dev/rfkill Watch.
[[0;32m  OK  [0m] Started LSB: AppArmor initialization.
[   40.113095] cloud-init[474]: Cloud-init v. 19.1-1-gbaa47854-0ubuntu1~16.04.1 running 'init-local' at Fri, 23 Aug 2019 16:29:01 +0000. Up 34.93 seconds.
[[0;32m  OK  [0m] Started Initial cloud-init job (pre-networking).
[[0;32m  OK  [0m] Reached target Network (Pre).
         Starting Raise network interfaces...
[[0;32m  OK  [0m] Started Set console font and keymap.
[[0;32m  OK  [0m] Created slice system-getty.slice.
[[0;32m  OK  [0m] Started Raise network interfaces.
[[0;32m  OK  [0m] Reached target Network.
         Starting Initial cloud-init job (metadata service crawler)...
[   54.525727] cloud-init[957]: Cloud-init v. 19.1-1-gbaa47854-0ubuntu1~16.04.1 running 'init' at Fri, 23 Aug 2019 16:29:15 +0000. Up 49.25 seconds.
[   54.592001] cloud-init[957]: ci-info: ++++++++++++++++++++++++++++++++++++++Net device info++++++++++++++++++++++++++++++++++++++
[   54.737020] cloud-init[957]: ci-info: +--------+------+----------------------------+---------------+--------+-------------------+
[   54.824896] cloud-init[957]: ci-info: | Device |  Up  |          Address           |      Mask     | Scope  |     Hw-Address    |
[   54.901300] cloud-init[957]: ci-info: +--------+------+----------------------------+---------------+--------+-------------------+
[   55.013906] cloud-init[957]: ci-info: | enp0s3 | True |         10.0.2.15          | 255.255.255.0 | global | 02:46:62:72:a1:53 |
[   55.033262] cloud-init[957]: ci-info: | enp0s3 | True | fe80::46:62ff:fe72:a153/64 |       .       |  link  | 02:46:62:72:a1:53 |
[   55.045465] cloud-init[957]: ci-info: |   lo   | True |         127.0.0.1          |   255.0.0.0   |  host  |         .         |
[   55.062529] [[0;32m  OK  [0m] Started Initial cloud-init job (metadata service crawler).cloud-init[957]: ci-info: |   lo   | True |          ::1/128           |       .       |  host  |         .         |
[   55.103083] cloud-init
[[0;32m  OK  [0m] Reached target System Initialization.[957]: ci-info: +--------+------+----------------------------+---------------+--------+-------------------+
[[0;32m  OK  [0m] Listening on UUID daemon activation socket.
[   55.117779] cloud-init[957]: ci-info: +++++++++++++++++++++++++++Route IPv4 info++++++++++++++++++++++++++++

[   55.122462] cloud-init[957]: ci-info: +-------+-------------+----------+---------------+-----------+-------+
[   55.127055] cloud-init[957]: ci-info: | Route | Destination | Gateway  |    Genmask    | Interface | Flags |
[   55.133160] cloud-init[957]: ci-info: +-------+-------------+----------+---------------+-----------+-------+[[0;32m  OK  [0m] Started ACPI Events Check.
[[0;32m  OK  [0m
[   55.144743] cloud-init[957]: ci-info: |   0   |   0.0.0.0   | 10.0.2.2 |    0.0.0.0    |   enp0s3  |   UG  |] Reached target Paths.
[[0;32m  OK  [0m
[   55.153027] cloud-init[957]: ci-info: |   1   |   10.0.2.0  | 0.0.0.0  | 255.255.255.0 |   enp0s3  |   U   |] Listening on ACPID Listen Socket.
[[0;32m  OK  [0m
[   55.161184] cloud-init[957]: ci-info: +-------+-------------+----------+---------------+-----------+-------+] Started Daily apt download activities.
[[0;32m  OK  [0m
[   55.169917] cloud-init[957]: ci-info: +++++++++++++++++++Route IPv6 info+++++++++++++++++++] Started Daily apt upgrade and clean activities.
[   55.200583] cloud-init[957]: ci-info: +-------+-------------+---------+-----------+-------+
[   55.211479] cloud-init[957]: ci-info: | Route | Destination | Gateway | Interface | Flags |
[[0;32m  OK  [0m] Started Daily Cleanup of Temporary Directories.
[   55.221394] cloud-init[957]: ci-info: +-------+-------------+---------+-----------+-------+
[[0;32m  OK  [0m] 
[   55.228978] cloud-init[957]: ci-info: |   0   |  fe80::/64  |    ::   |   enp0s3  |   U   |Listening on D-Bus System Message Bus Socket.

[   55.238489] cloud-init[957]: ci-info: |   4   |   ff00::/8  |    ::   |   enp0s3  |   U   |
[   55.245218] cloud-init[957]: ci-info: +-------+-------------+---------+-----------+-------+
         Starting LXD - unix socket.[   55.258238] cloud-init[957]: Generating public/private rsa key pair.
[   55.260793] cloud-init[957]: Your identification has been saved in /etc/ssh/ssh_host_rsa_key.
[   55.262888] cloud-init[957]: Your public key has been saved in /etc/ssh/ssh_host_rsa_key.pub.

[   55.322112] cloud-init[957]: The key fingerprint is:         Starting Socket activation for snappy daemon.
[[0;32m  OK  [0m
[   55.328774] cloud-init[957]: SHA256:x75P92dSG+Plykjw9/guISo+GrO1WeOMfKeotIwq+8E root@ubuntu-xenial
] Reached target Timers.
[[0;32m  OK  [0m] Reached target Network is Online.[   55.339707] cloud-init[957]: The key's randomart image is:
[   55.343685] cloud-init[957]: +---[RSA 2048]----+
[   55.346789] cloud-init[957]: 
|                 |
[   55.365570] cloud-init[957]: |                 |
[   55.380539] cloud-init[957]: |                 |
[   55.390633]          Starting iSCSI initiator daemon (iscsid)...cloud-init[957]: |         .       |
[   55.405766] cloud-init[957]: |        S +      |
[   55.406277] cloud-init[957]: | .       o o. .oo|
[   55.406512] cloud-init[957]: |  E   + . +.+.++=|
[   55.406734] cloud-init[957]: |.  . + BoOo=.=o*+|
[   55.406998] cloud-init[957]: |.+o.. *+B+=+o +B*|
[   55.407243] cloud-init[957]: +----[SHA256]-----+
[   55.407471] cloud-init[957]: Generating public/private dsa key pair.
[   55.407695] cloud-init[957]: Your identification has been saved in /etc/ssh/ssh_host_dsa_key.
[   55.421074] cloud-init[957]: Your public key has been saved in /etc/ssh/ssh_host_dsa_key.pub.
[   55.421416] cloud-init[957]: The key fingerprint is:
[   55.421633] cloud-init[957]: SHA256:imv0CfW2HOMOQL0mPk3Xz5Qq7BsDXwZAO3KDUnluTu8 root@ubuntu-xenial
[   55.421901] cloud-init[957]: The key's randomart image is:
[   55.422111] cloud-init[957]: +---[DSA 1024]----+
[   55.422325] cloud-init[957]: |    .oo          |
[   55.422538] cloud-init[957]: |   ..o.o         |
[   55.422749] cloud-init[957]: |  . +o* .        |
[   55.423005] cloud-init[957]: |   o o=+ o   .   |
[   55.423223] cloud-init[957]: |    o==oS + o    |
[   55.423434] cloud-init[957]: |   .oB.**o =     |
[   55.423655] cloud-init[957]: |   .+o+**+. o    |
[   55.424226] cloud-init[957]: |    .oooE+       |
[   55.424439] cloud-init[957]: |   ..  .+.       |
[   55.424662] cloud-init[957]: +----[SHA256]-----+
[   55.425092] cloud-init[957]: Generating public/private ecdsa key pair.
[   55.425309] cloud-init[957]: Your identification has been saved in /etc/ssh/ssh_host_ecdsa_key.
[   55.425534] cloud-init[957]: Your public key has been saved in /etc/ssh/ssh_host_ecdsa_key.pub.
[   55.426842] cloud-init[957]: The key fingerprint is:
[   55.427069] cloud-init[957]: SHA256:Bqbhd20srEyIgPQTzGnXPJCt43E5GTJwXu/+3JUribg root@ubuntu-xenial
[   55.427284] cloud-init[957]: The key's randomart image is:
[   55.427548] cloud-init[957]: +---[ECDSA 256]---+
[   55.427766] cloud-init[957]: | .oooo*.         |
[   55.427980] cloud-init[957]: |o .=+=.*.        |
[   55.428207] cloud-init[957]: |o .oo.* =.       |
[   55.428426] cloud-init[957]: | . o.O B.o       |
[   55.428641] cloud-init[957]: |  . = * S.+      |
[   55.428867] cloud-init[957]: |     = +.o      .|
[   55.429076] cloud-init[957]: |      o  .. . .o |
[   55.429290] cloud-init[957]: |         .o..o. .|

[   55.540732] cloud-init[957]: |         E.o ... |
[[0;32m  OK  [0m[   55.942588] cloud-init[957]: +----[SHA256]-----+
[   55.943118] cloud-init[957]: Generating public/private ed25519 key pair.
[   55.943398] cloud-init[957]: Your identification has been saved in /etc/ssh/ssh_host_ed25519_key.
[   55.943616] cloud-init[957]: Your public key has been saved in /etc/ssh/ssh_host_ed25519_key.pub.
] Reached target Cloud-config availability.
[   55.946047] cloud-init[957]: The key fingerprint is:
[   56.069217] cloud-init[957]: SHA256:2ol7BVreHe82mLOMdRRZhswphPz2X+pvDNUFr53Q/0Y root@ubuntu-xenial
[[0;32m  OK  [0m[   56.071878] cloud-init[957]: The key's randomart image is:
[   56.077820] cloud-init[957]: +--[ED25519 256]--+
[   56.078040] cloud-init[957]: |         . o.o.+o|
[   56.078328] cloud-init[957]: |          o . *=.|
[   56.078576] cloud-init[957]: |           . oo.+|
[   56.078822] cloud-init[957]: |        o   + .+=|
[   56.079068] cloud-init[957]: |       +So o +ooE|
[   56.079384] cloud-init[957]: |      .+..o ..+.o|
[   56.079695] cloud-init[957]: |      o o.  .+.=+|
[   56.080698] cloud-init[957]: |       ..  ++.=.+|
[   56.082146] cloud-init[957]: |      ..  . o=.+.|
] Listening on LXD - unix socket.
[[0;32m  OK  [0m] Listening on Socket activation for snappy daemon.
[   56.083960] cloud-init[957]: +----[SHA256]-----+
[[0;32m  OK  [0m] Reached target Sockets.
[[0;32m  OK  [0m] Reached target Basic System.
         Starting Pollinate to seed the pseudo random number generator...
         Starting Accounts Service...
         Starting LSB: MD monitoring daemon...
[[0;32m  OK  [0m] Started FUSE filesystem for LXC.
         Starting System Logging Service...
[[0;32m  OK  [0m] Started Deferred execution scheduler.
         Starting LXD - container startup/shutdown...
         Starting LSB: Record successful boot for GRUB...
[[0;32m  OK  [0m] Started Regular background program processing daemon.
[[0;32m  OK  [0m] Started D-Bus System Message Bus.
         Starting Virtualbox guest utils...
         Starting Login Service...
         Starting Snappy daemon...
         Starting /etc/rc.local Compatibility...
[[0;32m  OK  [0m] Started ACPI event daemon.
[[0;32m  OK  [0m] Started System Logging Service.
[[0;32m  OK  [0m] Started iSCSI initiator daemon (iscsid).
[[0;32m  OK  [0m] Started /etc/rc.local Compatibility.
[[0;32m  OK  [0m] Started Login Service.
[[0;32m  OK  [0m] Started Unattended Upgrades Shutdown.
         Starting Authenticate and Authorize Users to Run Privileged Tasks...
         Starting Login to default iSCSI targets...
[[0;32m  OK  [0m] Started LXD - container startup/shutdown.
[[0;32m  OK  [0m] Started LSB: Record successful boot for GRUB.
[[0;32m  OK  [0m] Started Login to default iSCSI targets.
[[0;32m  OK  [0m] Started LSB: MD monitoring daemon.
[[0;32m  OK  [0m] Reached target Remote File Systems (Pre).
[[0;32m  OK  [0m] Reached target Remote File Systems.
         Starting LSB: automatic crash report generation...
         Starting LSB: daemon to balance interrupts for SMP systems...
         Starting LSB: Set the CPU Frequency Scaling governor to "ondemand"...
         Starting Permit User Sessions...
[[0;32m  OK  [0m] Started Authenticate and Authorize Users to Run Privileged Tasks.
[[0;32m  OK  [0m] Started Accounts Service.
[[0;32m  OK  [0m] Started Permit User Sessions.
         Starting Terminate Plymouth Boot Screen...
         Starting Hold until boot process finishes up...
[[0;32m  OK  [0m] Started Terminate Plymouth Boot Screen.
[[0;32m  OK  [0m] Started Hold until boot process finishes up.
[[0;32m  OK  [0m] Started Getty on tty1.
         Starting Set console scheme...
[[0;32m  OK  [0m] Started Serial Getty on ttyS0.
[[0;32m  OK  [0m] Reached target Login Prompts.
[[0;32m  OK  [0m] Started Set console scheme.
[[0;32m  OK  [0m] Started LSB: Set the CPU Frequency Scaling governor to "ondemand".
[[0;32m  OK  [0m] Started LSB: daemon to balance interrupts for SMP systems.
[[0;32m  OK  [0m] Started LSB: automatic crash report generation.
[[0;32m  OK  [0m] Started Virtualbox guest utils.
[[0;32m  OK  [0m] Started Snappy daemon.
         Starting Wait until snapd is fully seeded...
[[0;32m  OK  [0m] Started Pollinate to seed the pseudo random number generator.
         Starting OpenBSD Secure Shell server...
[[0;32m  OK  [0m] Started OpenBSD Secure Shell server.

Ubuntu 16.04.6 LTS ubuntu-xenial ttyS0

ubuntu-xenial login: [   77.000096] cloud-init[1400]: Generating locales (this might take a while)...
[   85.993994] cloud-init[1400]:   en_US.UTF-8... done
[   86.004206] cloud-init[1400]: Generation complete.
[   90.853623] cloud-init[1400]: Cloud-init v. 19.1-1-gbaa47854-0ubuntu1~16.04.1 running 'modules:config' at Fri, 23 Aug 2019 16:29:41 +0000. Up 75.74 seconds.
ci-info: no authorized ssh keys fingerprints found for user ubuntu.
<14>Aug 23 16:30:00 ec2: 
<14>Aug 23 16:30:00 ec2: #############################################################
<14>Aug 23 16:30:00 ec2: -----BEGIN SSH HOST KEY FINGERPRINTS-----
<14>Aug 23 16:30:00 ec2: 1024 SHA256:imv0CfW2HOMOQL0mPk3Xz5Qq7BsDXwZAO3KDUnluTu8 root@ubuntu-xenial (DSA)
<14>Aug 23 16:30:00 ec2: 256 SHA256:Bqbhd20srEyIgPQTzGnXPJCt43E5GTJwXu/+3JUribg root@ubuntu-xenial (ECDSA)
<14>Aug 23 16:30:00 ec2: 256 SHA256:2ol7BVreHe82mLOMdRRZhswphPz2X+pvDNUFr53Q/0Y root@ubuntu-xenial (ED25519)
<14>Aug 23 16:30:00 ec2: 2048 SHA256:x75P92dSG+Plykjw9/guISo+GrO1WeOMfKeotIwq+8E root@ubuntu-xenial (RSA)
<14>Aug 23 16:30:00 ec2: -----END SSH HOST KEY FINGERPRINTS-----
<14>Aug 23 16:30:00 ec2: #############################################################
-----BEGIN SSH HOST KEY KEYS-----
ecdsa-sha2-nistp256 AAAAE2VjZHNhLXNoYTItbmlzdHAyNTYAAAAIbmlzdHAyNTYAAABBBO+BTDrlxBY4uDwuP4H/frEx9Z+M2mMzsLG2WXqXE+BGuGW3ON0EL8L+5sTECWnpfUDOaEP3GR5Ed690HlHZUzM= root@ubuntu-xenial
ssh-ed25519 AAAAC3NzaC1lZDI1NTE5AAAAILHpRiJpkb0OIP/h6rsuo+csfP9D4+cowwlfehUAu752 root@ubuntu-xenial
ssh-rsa AAAAB3NzaC1yc2EAAAADAQABAAABAQC6eLqI78ZsvHyyz0eThkKwYxU120I/HeRUiVVXrBwK2fqMN+WYO+JyrwL+WHqAmYktjQDurEszwz8pQBUlpKfoguKcrheD86z3pQtcU71nq+ovLsqtkDIFdyerTr4veHpF2ytCHWtBm/8t1edR0lhEZCbBzM0dIIqJg2O1xgtyMv/VhTa7tnNatTOaS/JoLl8snLYrAQXihhPH8qK7aBa6sV+npFPd7Y+iFBDy64HpWYJPaU8dmDbAQBWYPd03fXdQHDolF73vzqA5RX/hSuQyZlVc3EvZH7UIlCRkOJ3aonqg/rY9socVBadYtGfO0Dx1XiN6HrJk21knqowz5Wif root@ubuntu-xenial
-----END SSH HOST KEY KEYS-----
[   95.199016] cloud-init[1593]: Cloud-init v. 19.1-1-gbaa47854-0ubuntu1~16.04.1 running 'modules:final' at Fri, 23 Aug 2019 16:29:59 +0000. Up 93.44 seconds.
[   95.199738] cloud-init[1593]: ci-info: no authorized ssh keys fingerprints found for user ubuntu.
[   95.200349] cloud-init[1593]: Cloud-init v. 19.1-1-gbaa47854-0ubuntu1~16.04.1 finished at Fri, 23 Aug 2019 16:30:01 +0000. Datasource DataSourceNoCloud [seed=/dev/sdb][dsmode=net].  Up 95.16 seconds
